
> @ggd/admin@0.0.0 build /Users/Takuro/Dropbox/我的 Mac (Moriya.local)/Documents/ABxVFX_EDIT/GGD-community-hero-forge/apps/admin
> vite build

vite v5.4.21 building for production...
transforming...
✓ 1748 modules transformed.
rendering chunks...
computing gzip size...
dist/index.html                                                       0.67 kB │ gzip:   0.41 kB
dist/assets/HeroReviewPreview-BRT3klPA.css                           42.00 kB │ gzip:   9.45 kB
dist/assets/logDepthDeclaration-395b7mmO.js                           0.25 kB │ gzip:   0.21 kB
dist/assets/logDepthFragment-WcVupLFQ.js                              0.28 kB │ gzip:   0.23 kB
dist/assets/flowGraphUnaryOperationBlock-4Ws4U3YF.js                  0.30 kB │ gzip:   0.22 kB
dist/assets/logDepthVertex-CzAS-rFE.js                                0.34 kB │ gzip:   0.25 kB
dist/assets/pass.fragment-iiMkwZQa.js                                 0.36 kB │ gzip:   0.28 kB
dist/assets/flowGraphBinaryOperationBlock-BDOk1tDm.js                 0.38 kB │ gzip:   0.25 kB
dist/assets/flowGraphTernaryOperationBlock-HOtI7Wz7.js                0.42 kB │ gzip:   0.25 kB
dist/assets/rgbdEncode.fragment-C25l1qxd.js                           0.45 kB │ gzip:   0.33 kB
dist/assets/fogVertex-CiLI-w3g.js                                     0.45 kB │ gzip:   0.26 kB
dist/assets/pass.fragment-BsVZ76Go.js                                 0.49 kB │ gzip:   0.32 kB
dist/assets/vertexColorMixing-DnWmz2ft.js                             0.54 kB │ gzip:   0.28 kB
dist/assets/rgbdEncode.fragment-BjL1pYNC.js                           0.58 kB │ gzip:   0.36 kB
dist/assets/rgbdDecode.fragment-DLoHBp6F.js                           0.59 kB │ gzip:   0.37 kB
dist/assets/postprocess.vertex-7Pnidi5B.js                            0.62 kB │ gzip:   0.38 kB
dist/assets/flowGraphSceneReadyEventBlock-Dg8aB9jP.js                 0.68 kB │ gzip:   0.41 kB
dist/assets/flowGraphPauseAnimationBlock-B6WcBQnU.js                  0.68 kB │ gzip:   0.39 kB
dist/assets/flowGraphCachedOperationBlock-CxtJxdYW.js                 0.69 kB │ gzip:   0.33 kB
dist/assets/envTextureLoader-DVDtmCVl.js                              0.72 kB │ gzip:   0.45 kB
dist/assets/mainUVVaryingDeclaration-B0RI3_4H.js                      0.72 kB │ gzip:   0.37 kB
dist/assets/flowGraphConstantBlock-rqiABXYw.js                        0.73 kB │ gzip:   0.42 kB
dist/assets/outline.fragment-CJ5zgoSD.js                              0.76 kB │ gzip:   0.46 kB
dist/assets/flowGraphBranchBlock-BKYABu8f.js                          0.76 kB │ gzip:   0.42 kB
dist/assets/flowGraphCodeExecutionBlock-DXHYLy24.js                   0.77 kB │ gzip:   0.43 kB
dist/assets/flowGraphGetVariableBlock-1O1dMeSV.js                     0.77 kB │ gzip:   0.44 kB
dist/assets/flowGraphContextBlock-DUKTKyKu.js                         0.78 kB │ gzip:   0.42 kB
dist/assets/color.fragment-CHPF5yly.js                                0.79 kB │ gzip:   0.40 kB
dist/assets/flowGraphCancelDelayBlock-4GEAi1VG.js                     0.81 kB │ gzip:   0.50 kB
dist/assets/flowGraphIndexOfBlock-Y-IfPdlA.js                         0.84 kB │ gzip:   0.46 kB
dist/assets/flowGraphSendCustomEventBlock-C4h7WBfy.js                 0.85 kB │ gzip:   0.48 kB
dist/assets/flowGraphConditionalDataBlock-BSoD-MPX.js                 0.85 kB │ gzip:   0.44 kB
dist/assets/passCube.fragment-BR8SvoT4.js                             0.86 kB │ gzip:   0.37 kB
dist/assets/flowGraphSceneTickEventBlock-B_D0IMhP.js                  0.86 kB │ gzip:   0.46 kB
dist/assets/flowGraphCounterBlock-BfuxUOMh.js                         0.86 kB │ gzip:   0.47 kB
dist/assets/flowGraphGetAssetBlock-DBTrS90x.js                        0.87 kB │ gzip:   0.48 kB
dist/assets/flowGraphArrayIndexBlock-C47tnWwZ.js                      0.88 kB │ gzip:   0.48 kB
dist/assets/mesh.vertexData.functions-BYooUupK.js                     0.92 kB │ gzip:   0.49 kB
dist/assets/color.fragment-GVhrKT19.js                                0.92 kB │ gzip:   0.44 kB
dist/assets/outline.fragment-DrCgE5m7.js                              0.93 kB │ gzip:   0.48 kB
dist/assets/flowGraphFlipFlopBlock-BvvafcsF.js                        0.93 kB │ gzip:   0.51 kB
dist/assets/flowGraphFunctionReferenceBlock-B1HpAuJB.js               0.94 kB │ gzip:   0.49 kB
dist/assets/flowGraphDebounceBlock-OVT8B_3N.js                        1.00 kB │ gzip:   0.50 kB
dist/assets/flowGraphDoNBlock-LjXcLHfB.js                             1.01 kB │ gzip:   0.52 kB
dist/assets/flowGraphSequenceBlock-DW69bDUr.js                        1.01 kB │ gzip:   0.50 kB
dist/assets/flowGraphPointerOutEventBlock-CtZnaPGS.js                 1.09 kB │ gzip:   0.57 kB
dist/assets/flowGraphPointerOverEventBlock-vfs7y5C3.js                1.10 kB │ gzip:   0.58 kB
dist/assets/flowGraphWhileLoopBlock-CCVkym24.js                       1.11 kB │ gzip:   0.56 kB
dist/assets/defaultUboDeclaration-xlw9i02J.js                         1.13 kB │ gzip:   0.50 kB
dist/assets/flowGraphDataSwitchBlock-CULKTXwi.js                      1.13 kB │ gzip:   0.59 kB
dist/assets/flowGraphGetPropertyBlock-BUPtRfWs.js                     1.15 kB │ gzip:   0.56 kB
dist/assets/fogFragment-DCV2QbGY.js                                   1.16 kB │ gzip:   0.51 kB
dist/assets/passCube.fragment-CIgidkpy.js                             1.17 kB │ gzip:   0.42 kB
dist/assets/flowGraphTransformCoordinatesSystemBlock-x1Z-zL-B.js      1.18 kB │ gzip:   0.54 kB
dist/assets/flowGraphBezierCurveEasingBlock-zCqbLoxe.js               1.20 kB │ gzip:   0.57 kB
dist/assets/flowGraphSetPropertyBlock-qgtUSW2T.js                     1.20 kB │ gzip:   0.59 kB
dist/assets/clipPlaneFragment-DrjHsIDm.js                             1.22 kB │ gzip:   0.34 kB
dist/assets/color.vertex-Cks9X2Ro.js                                  1.25 kB │ gzip:   0.56 kB
dist/assets/flowGraphForLoopBlock-D9r7UoGc.js                         1.26 kB │ gzip:   0.59 kB
dist/assets/color.vertex-DmWuHPu0.js                                  1.29 kB │ gzip:   0.59 kB
dist/assets/clipPlaneVertex-D_7F_V-m.js                               1.30 kB │ gzip:   0.34 kB
dist/assets/workerPool-CfMXSLnf.js                                    1.30 kB │ gzip:   0.53 kB
dist/assets/flowGraphConsoleLogBlock-BtjvXthM.js                      1.35 kB │ gzip:   0.70 kB
dist/assets/flowGraphSwitchBlock-DTLgW90z.js                          1.36 kB │ gzip:   0.63 kB
dist/assets/ddsTextureLoader-DlS6Ai5E.js                              1.39 kB │ gzip:   0.68 kB
dist/assets/flowGraphReceiveCustomEventBlock-HuXxIag-.js              1.48 kB │ gzip:   0.71 kB
dist/assets/defaultUboDeclaration-Dcl_DLWc.js                         1.48 kB │ gzip:   0.49 kB
dist/assets/outline.vertex-ftJXhswN.js                                1.50 kB │ gzip:   0.61 kB
dist/assets/flowGraphTypeToTypeBlocks-CH_JDFlH.js                     1.52 kB │ gzip:   0.58 kB
dist/assets/flowGraphThrottleBlock-D0WNW2XU.js                        1.59 kB │ gzip:   0.63 kB
dist/assets/flowGraphSetVariableBlock-Bk4XZJSf.js                     1.64 kB │ gzip:   0.76 kB
dist/assets/flowGraphWaitAllBlock-cmRF-J3s.js                         1.74 kB │ gzip:   0.75 kB
dist/assets/flowGraphMeshPickEventBlock-C2g5x5VO.js                   1.76 kB │ gzip:   0.74 kB
dist/assets/flowGraphEasingBlock-EVkudYze.js                          1.89 kB │ gzip:   0.87 kB
dist/assets/outline.vertex-CgmtD4Q8.js                                1.89 kB │ gzip:   0.72 kB
dist/assets/flowGraphMultiGateBlock-BbpIpMDt.js                       1.90 kB │ gzip:   0.85 kB
dist/assets/easing-DqS94xz_.js                                        1.93 kB │ gzip:   0.81 kB
dist/assets/flowGraphStopAnimationBlock-CD6wSAza.js                   2.12 kB │ gzip:   0.80 kB
dist/assets/abstractEngine.cubeTexture-C-8VsASW.js                    2.21 kB │ gzip:   1.11 kB
dist/assets/particles.fragment-DsllHgR_.js                            2.26 kB │ gzip:   0.86 kB
dist/assets/flowGraphInterpolationBlock-XPiDxS9g.js                   2.46 kB │ gzip:   1.02 kB
dist/assets/hdrTextureLoader-9pF0mOf0.js                              2.47 kB │ gzip:   1.18 kB
dist/assets/dumpTools-BOGqqzwQ.js                                     2.67 kB │ gzip:   1.29 kB
dist/assets/iesTextureLoader-CsFfQc6i.js                              2.73 kB │ gzip:   1.17 kB
dist/assets/flowGraphVectorMathBlocks-Bm3TUoRG.js                     3.12 kB │ gzip:   1.10 kB
dist/assets/flowGraphJsonPointerParserBlock-C-2X9vMv.js               3.16 kB │ gzip:   1.33 kB
dist/assets/harmonicsFunctions-AYY5xIL3.js                            3.43 kB │ gzip:   0.95 kB
dist/assets/tgaTextureLoader-ChJgTFYN.js                              3.57 kB │ gzip:   1.39 kB
dist/assets/flowGraphMatrixMathBlocks-CEWk23Dx.js                     3.93 kB │ gzip:   1.12 kB
dist/assets/flowGraphPlayAnimationBlock-BQI6bW-a.js                   3.96 kB │ gzip:   1.34 kB
dist/assets/flowGraphSetDelayBlock-CsuRb7mu.js                        3.96 kB │ gzip:   1.50 kB
dist/assets/morphTargetsVertex-CJA81dB4.js                            4.54 kB │ gzip:   0.96 kB
dist/assets/imageProcessingFunctions-ChjpR1_h.js                      4.71 kB │ gzip:   1.67 kB
dist/assets/helperFunctions-DkRR3mIW.js                               5.31 kB │ gzip:   1.77 kB
dist/assets/particles.vertex-CwSAP_4j.js                              5.43 kB │ gzip:   1.39 kB
dist/assets/environmentTextureTools-BN_akjY5.js                       6.65 kB │ gzip:   2.82 kB
dist/assets/default.vertex-CahOP33e.js                                6.94 kB │ gzip:   1.84 kB
dist/assets/dds-BmAUgU-g.js                                           7.13 kB │ gzip:   2.50 kB
dist/assets/default.vertex-BKENTzNa.js                                7.64 kB │ gzip:   2.00 kB
dist/assets/shadowsVertex-CuKYET1S.js                                 8.03 kB │ gzip:   1.71 kB
dist/assets/basisTextureLoader-6rlUBNe9.js                            8.20 kB │ gzip:   3.24 kB
dist/assets/flowGraphMathCombineExtractBlocks-IAA2_QD5.js             8.38 kB │ gzip:   1.26 kB
dist/assets/bakedVertexAnimation-1KeyZkQG.js                          9.29 kB │ gzip:   1.56 kB
dist/assets/pbr.vertex-CZrbdThL.js                                   11.80 kB │ gzip:   2.47 kB
dist/assets/VoxelStudioPage-BxBSfeEq.js                              13.36 kB │ gzip:   5.93 kB
dist/assets/ktxTextureLoader-BzBDGGNa.js                             14.29 kB │ gzip:   4.19 kB
dist/assets/exrTextureLoader-CvQsSSzk.js                             14.81 kB │ gzip:   5.59 kB
dist/assets/flowGraphMathBlocks-CJe69R4L.js                          17.96 kB │ gzip:   3.76 kB
dist/assets/animation-CrnxvcU3.js                                    18.89 kB │ gzip:   5.07 kB
dist/assets/default.fragment-CXrD0Y0T.js                             20.47 kB │ gzip:   4.81 kB
dist/assets/default.fragment-BZVMy0eR.js                             22.12 kB │ gzip:   4.85 kB
dist/assets/animationGroup-DkTbpo6K.js                               34.36 kB │ gzip:   8.82 kB
dist/assets/ContentPage-Cg3B1k0J.js                                  37.33 kB │ gzip:  15.52 kB
dist/assets/VoxelCanvas-C7jhdz77.js                                  50.54 kB │ gzip:  11.99 kB
dist/assets/oitFragment-DLx3ORIn.js                                  68.35 kB │ gzip:  11.60 kB
dist/assets/pbr.fragment-CIaAWELV.js                                126.56 kB │ gzip:  23.73 kB
dist/assets/index-DtKP98_n.js                                       138.66 kB │ gzip:  43.89 kB
dist/assets/index-BqiHXmnr.js                                       429.45 kB │ gzip:  95.35 kB
dist/assets/outlineRenderer-nkutIYRF.js                             946.84 kB │ gzip: 228.79 kB
dist/assets/HeroReviewPreview-_1N7zMYi.js                         1,110.47 kB │ gzip: 317.93 kB
dist/assets/index-CXnK9uu5.js                                     2,237.48 kB │ gzip: 906.00 kB

(!) Some chunks are larger than 500 kB after minification. Consider:
- Using dynamic import() to code-split the application
- Use build.rollupOptions.output.manualChunks to improve chunking: https://rollupjs.org/configuration-options/#output-manualchunks
- Adjust chunk size limit for this warning via build.chunkSizeWarningLimit.
✓ built in 8.14s
