
> @ggd/editor-desktop@0.1.0 build:renderer /Users/Takuro/Dropbox/我的 Mac (Moriya.local)/Documents/ABxVFX_EDIT/GGD-community-hero-forge/apps/editor-desktop
> pnpm --filter @ggd/editor exec vite build --mode desktop --outDir ../editor-desktop/dist/renderer/editor --emptyOutDir && pnpm --filter @ggd/admin exec vite build --mode desktop --outDir ../editor-desktop/dist/renderer/admin --emptyOutDir

vite v5.4.21 building for desktop...
transforming...
✓ 2778 modules transformed.
rendering chunks...
computing gzip size...
../editor-desktop/dist/renderer/editor/index.html                                                       0.42 kB │ gzip:     0.27 kB
../editor-desktop/dist/renderer/editor/assets/_voxel-skins-C8tgf8kn.json                                4.68 kB │ gzip:     2.45 kB
../editor-desktop/dist/renderer/editor/assets/_voxel-barcodes-7297tUbw.json                             5.06 kB │ gzip:     2.32 kB
../editor-desktop/dist/renderer/editor/assets/_overlay-hidden-geometry-Vz0fZDWs.json                    8.91 kB │ gzip:     3.09 kB
../editor-desktop/dist/renderer/editor/assets/_index-fBKmI2hN.json                                     22.19 kB │ gzip:     3.87 kB
../editor-desktop/dist/renderer/editor/assets/_standin-overrides-BhuEogx5.json                         26.53 kB │ gzip:    10.35 kB
../editor-desktop/dist/renderer/editor/assets/heroValidation.worker-DVBP4NPB.js                       848.92 kB
../editor-desktop/dist/renderer/editor/assets/index-kv0sEh0m.css                                       41.36 kB │ gzip:     9.34 kB
../editor-desktop/dist/renderer/editor/assets/logDepthDeclaration-CkKrXOYu.js                           0.24 kB │ gzip:     0.21 kB
../editor-desktop/dist/renderer/editor/assets/logDepthFragment-XjBH3j2P.js                              0.27 kB │ gzip:     0.22 kB
../editor-desktop/dist/renderer/editor/assets/flowGraphUnaryOperationBlock-CBCpWDna.js                  0.30 kB │ gzip:     0.22 kB
../editor-desktop/dist/renderer/editor/assets/pass.fragment-Dz9Or9aG.js                                 0.32 kB │ gzip:     0.25 kB
../editor-desktop/dist/renderer/editor/assets/logDepthVertex-C3sZLUK3.js                                0.34 kB │ gzip:     0.24 kB
../editor-desktop/dist/renderer/editor/assets/rgbdEncode.fragment-BFAyCx-P.js                           0.37 kB │ gzip:     0.29 kB
../editor-desktop/dist/renderer/editor/assets/flowGraphBinaryOperationBlock-CNbNg6RV.js                 0.38 kB │ gzip:     0.25 kB
../editor-desktop/dist/renderer/editor/assets/flowGraphTernaryOperationBlock-38u1_mP0.js                0.42 kB │ gzip:     0.25 kB
../editor-desktop/dist/renderer/editor/assets/fogVertex-qmrnwEjS.js                                     0.44 kB │ gzip:     0.26 kB
../editor-desktop/dist/renderer/editor/assets/pass.fragment-CY0dom20.js                                 0.45 kB │ gzip:     0.30 kB
../editor-desktop/dist/renderer/editor/assets/vertexColorMixing-BGjyj4Kg.js                             0.53 kB │ gzip:     0.28 kB
../editor-desktop/dist/renderer/editor/assets/rgbdEncode.fragment-BxTSTrg8.js                           0.54 kB │ gzip:     0.34 kB
../editor-desktop/dist/renderer/editor/assets/rgbdDecode.fragment-BCB8zl6M.js                           0.55 kB │ gzip:     0.35 kB
../editor-desktop/dist/renderer/editor/assets/flowGraphSceneReadyEventBlock-BaEzUSCX.js                 0.58 kB │ gzip:     0.36 kB
../editor-desktop/dist/renderer/editor/assets/postprocess.vertex-BneHeqAh.js                            0.58 kB │ gzip:     0.36 kB
../editor-desktop/dist/renderer/editor/assets/flowGraphPauseAnimationBlock-C7_9Swcc.js                  0.58 kB │ gzip:     0.36 kB
../editor-desktop/dist/renderer/editor/assets/flowGraphConstantBlock-Cvagnmzv.js                        0.63 kB │ gzip:     0.38 kB
../editor-desktop/dist/renderer/editor/assets/envTextureLoader-Da7wSkWb.js                              0.65 kB │ gzip:     0.40 kB
../editor-desktop/dist/renderer/editor/assets/flowGraphGLTFDataProvider-CuXswBvW.js                     0.66 kB │ gzip:     0.41 kB
../editor-desktop/dist/renderer/editor/assets/flowGraphBranchBlock-CaOckFR_.js                          0.67 kB │ gzip:     0.38 kB
../editor-desktop/dist/renderer/editor/assets/flowGraphCodeExecutionBlock-BhCUEBkZ.js                   0.67 kB │ gzip:     0.39 kB
../editor-desktop/dist/renderer/editor/assets/flowGraphGetVariableBlock-CV5gUm-I.js                     0.68 kB │ gzip:     0.39 kB
../editor-desktop/dist/renderer/editor/assets/outline.fragment-CzK5ARqB.js                              0.68 kB │ gzip:     0.41 kB
../editor-desktop/dist/renderer/editor/assets/flowGraphContextBlock-TMwf77wE.js                         0.68 kB │ gzip:     0.38 kB
../editor-desktop/dist/renderer/editor/assets/flowGraphCachedOperationBlock-Q2xoV8VY.js                 0.71 kB │ gzip:     0.35 kB
../editor-desktop/dist/renderer/editor/assets/color.fragment-D4X-PHiu.js                                0.71 kB │ gzip:     0.35 kB
../editor-desktop/dist/renderer/editor/assets/mainUVVaryingDeclaration-B_YATqaH.js                      0.71 kB │ gzip:     0.36 kB
../editor-desktop/dist/renderer/editor/assets/flowGraphCancelDelayBlock-CbUhUuom.js                     0.72 kB │ gzip:     0.46 kB
../editor-desktop/dist/renderer/editor/assets/flowGraphIndexOfBlock-D4FNoWW7.js                         0.75 kB │ gzip:     0.42 kB
../editor-desktop/dist/renderer/editor/assets/flowGraphSendCustomEventBlock-zVofV7NX.js                 0.75 kB │ gzip:     0.44 kB
../editor-desktop/dist/renderer/editor/assets/flowGraphConditionalDataBlock-JTBaHdik.js                 0.76 kB │ gzip:     0.40 kB
../editor-desktop/dist/renderer/editor/assets/flowGraphSceneTickEventBlock-DYqtQCfA.js                  0.76 kB │ gzip:     0.42 kB
../editor-desktop/dist/renderer/editor/assets/flowGraphCounterBlock-B6fP1DIN.js                         0.77 kB │ gzip:     0.43 kB
../editor-desktop/dist/renderer/editor/assets/flowGraphGetAssetBlock-BiJ7W1ex.js                        0.78 kB │ gzip:     0.45 kB
../editor-desktop/dist/renderer/editor/assets/flowGraphArrayIndexBlock-DHq7g3Gf.js                      0.78 kB │ gzip:     0.44 kB
../editor-desktop/dist/renderer/editor/assets/passCube.fragment-O0ErdRxp.js                             0.82 kB │ gzip:     0.35 kB
../editor-desktop/dist/renderer/editor/assets/flowGraphFlipFlopBlock-BNpYg5_a.js                        0.84 kB │ gzip:     0.47 kB
../editor-desktop/dist/renderer/editor/assets/flowGraphFunctionReferenceBlock-CtBA9y3j.js               0.84 kB │ gzip:     0.45 kB
../editor-desktop/dist/renderer/editor/assets/color.fragment-CWrdv5Qt.js                                0.89 kB │ gzip:     0.42 kB
../editor-desktop/dist/renderer/editor/assets/outline.fragment-C-erAnew.js                              0.89 kB │ gzip:     0.47 kB
../editor-desktop/dist/renderer/editor/assets/flowGraphDebounceBlock-B3szNru9.js                        0.90 kB │ gzip:     0.46 kB
../editor-desktop/dist/renderer/editor/assets/flowGraphDoNBlock-BOC-ZB82.js                             0.91 kB │ gzip:     0.48 kB
../editor-desktop/dist/renderer/editor/assets/flowGraphSequenceBlock-DmnX9qfV.js                        0.91 kB │ gzip:     0.46 kB
../editor-desktop/dist/renderer/editor/assets/mesh.vertexData.functions-BYooUupK.js                     0.92 kB │ gzip:     0.49 kB
../editor-desktop/dist/renderer/editor/assets/flowGraphPointerOutEventBlock-aRglA9K6.js                 1.00 kB │ gzip:     0.53 kB
../editor-desktop/dist/renderer/editor/assets/flowGraphPointerOverEventBlock-jAoBNlYu.js                1.01 kB │ gzip:     0.54 kB
../editor-desktop/dist/renderer/editor/assets/flowGraphWhileLoopBlock-C7gibyCx.js                       1.02 kB │ gzip:     0.52 kB
../editor-desktop/dist/renderer/editor/assets/flowGraphDataSwitchBlock-AQrjdaJV.js                      1.04 kB │ gzip:     0.55 kB
../editor-desktop/dist/renderer/editor/assets/flowGraphGetPropertyBlock-CbjdKCRU.js                     1.05 kB │ gzip:     0.52 kB
../editor-desktop/dist/renderer/editor/assets/defaultUboDeclaration-D6G2ZCv2.js                         1.08 kB │ gzip:     0.47 kB
../editor-desktop/dist/renderer/editor/assets/flowGraphTransformCoordinatesSystemBlock-CRqWLc-v.js      1.09 kB │ gzip:     0.51 kB
../editor-desktop/dist/renderer/editor/assets/flowGraphSetPropertyBlock-MJqglu3p.js                     1.10 kB │ gzip:     0.55 kB
../editor-desktop/dist/renderer/editor/assets/flowGraphBezierCurveEasingBlock-DiWC7xku.js               1.10 kB │ gzip:     0.54 kB
../editor-desktop/dist/renderer/editor/assets/passCube.fragment-HMbsrTF8.js                             1.13 kB │ gzip:     0.40 kB
../editor-desktop/dist/renderer/editor/assets/fogFragment-Ixzt_PgM.js                                   1.15 kB │ gzip:     0.50 kB
../editor-desktop/dist/renderer/editor/assets/flowGraphForLoopBlock-ocf-fs4j.js                         1.16 kB │ gzip:     0.56 kB
../editor-desktop/dist/renderer/editor/assets/color.vertex-3hg57UWF.js                                  1.18 kB │ gzip:     0.51 kB
../editor-desktop/dist/renderer/editor/assets/clipPlaneFragment-qP96gKu_.js                             1.21 kB │ gzip:     0.34 kB
../editor-desktop/dist/renderer/editor/assets/color.vertex-FAtQ5bNe.js                                  1.25 kB │ gzip:     0.56 kB
../editor-desktop/dist/renderer/editor/assets/flowGraphConsoleLogBlock-C0nV_FRP.js                      1.26 kB │ gzip:     0.66 kB
../editor-desktop/dist/renderer/editor/assets/flowGraphSwitchBlock-zpAW4ToO.js                          1.26 kB │ gzip:     0.59 kB
../editor-desktop/dist/renderer/editor/assets/clipPlaneVertex-aakNyNR2.js                               1.29 kB │ gzip:     0.34 kB
../editor-desktop/dist/renderer/editor/assets/workerPool-CfMXSLnf.js                                    1.30 kB │ gzip:     0.53 kB
../editor-desktop/dist/renderer/editor/assets/ddsTextureLoader-B5eDmJgq.js                              1.31 kB │ gzip:     0.64 kB
../editor-desktop/dist/renderer/editor/assets/flowGraphReceiveCustomEventBlock-9blnh3bb.js              1.38 kB │ gzip:     0.67 kB
../editor-desktop/dist/renderer/editor/assets/outline.vertex-B3NUQiSV.js                                1.42 kB │ gzip:     0.57 kB
../editor-desktop/dist/renderer/editor/assets/flowGraphTypeToTypeBlocks-C1ncndqt.js                     1.43 kB │ gzip:     0.55 kB
../editor-desktop/dist/renderer/editor/assets/defaultUboDeclaration-r4LMEaHJ.js                         1.47 kB │ gzip:     0.48 kB
../editor-desktop/dist/renderer/editor/assets/flowGraphThrottleBlock-DhLr_NMf.js                        1.50 kB │ gzip:     0.59 kB
../editor-desktop/dist/renderer/editor/assets/flowGraphSetVariableBlock-BMZ4N4Jy.js                     1.54 kB │ gzip:     0.72 kB
../editor-desktop/dist/renderer/editor/assets/flowGraphWaitAllBlock-cW4bCj62.js                         1.65 kB │ gzip:     0.71 kB
../editor-desktop/dist/renderer/editor/assets/flowGraphMeshPickEventBlock-BvApgaNF.js                   1.67 kB │ gzip:     0.71 kB
../editor-desktop/dist/renderer/editor/assets/flowGraphEasingBlock-BBkRQl9C.js                          1.79 kB │ gzip:     0.83 kB
../editor-desktop/dist/renderer/editor/assets/flowGraphMultiGateBlock-BB4kKIRM.js                       1.81 kB │ gzip:     0.81 kB
../editor-desktop/dist/renderer/editor/assets/outline.vertex-702k_-Qp.js                                1.85 kB │ gzip:     0.71 kB
../editor-desktop/dist/renderer/editor/assets/easing-Bsbh4SXh.js                                        1.92 kB │ gzip:     0.81 kB
../editor-desktop/dist/renderer/editor/assets/flowGraphStopAnimationBlock-CV_ZRncJ.js                   2.02 kB │ gzip:     0.76 kB
../editor-desktop/dist/renderer/editor/assets/abstractEngine.cubeTexture-CcZP776X.js                    2.21 kB │ gzip:     1.11 kB
../editor-desktop/dist/renderer/editor/assets/particles.fragment-CR_6cAAO.js                            2.22 kB │ gzip:     0.84 kB
../editor-desktop/dist/renderer/editor/assets/flowGraphInterpolationBlock-CBcdBTIB.js                   2.36 kB │ gzip:     0.98 kB
../editor-desktop/dist/renderer/editor/assets/hdrTextureLoader-VQPrbb25.js                              2.43 kB │ gzip:     1.16 kB
../editor-desktop/dist/renderer/editor/assets/dumpTools-CJasBQ1e.js                                     2.57 kB │ gzip:     1.25 kB
../editor-desktop/dist/renderer/editor/assets/iesTextureLoader-DFiWjdeW.js                              2.69 kB │ gzip:     1.15 kB
../editor-desktop/dist/renderer/editor/assets/flowGraphVectorMathBlocks-ByLnQ7YB.js                     3.04 kB │ gzip:     1.07 kB
../editor-desktop/dist/renderer/editor/assets/flowGraphJsonPointerParserBlock-lWWWVd1F.js               3.06 kB │ gzip:     1.29 kB
../editor-desktop/dist/renderer/editor/assets/index-DG8XN3te.js                                         3.20 kB │ gzip:     1.45 kB
../editor-desktop/dist/renderer/editor/assets/harmonicsFunctions-DIClxjx3.js                            3.42 kB │ gzip:     0.94 kB
../editor-desktop/dist/renderer/editor/assets/tgaTextureLoader-ZMSGUTRy.js                              3.53 kB │ gzip:     1.37 kB
../editor-desktop/dist/renderer/editor/assets/flowGraphMatrixMathBlocks-DuJtveuO.js                     3.84 kB │ gzip:     1.08 kB
../editor-desktop/dist/renderer/editor/assets/flowGraphPlayAnimationBlock-DZBjEUd9.js                   3.86 kB │ gzip:     1.31 kB
../editor-desktop/dist/renderer/editor/assets/flowGraphSetDelayBlock-ChIiQngQ.js                        3.86 kB │ gzip:     1.46 kB
../editor-desktop/dist/renderer/editor/assets/VfxTimeline-NdsKW_6d.js                                   3.88 kB │ gzip:     2.05 kB
../editor-desktop/dist/renderer/editor/assets/morphTargetsVertex-midpKMYB.js                            4.53 kB │ gzip:     0.95 kB
../editor-desktop/dist/renderer/editor/assets/imageProcessingFunctions-ZjX-uLII.js                      4.70 kB │ gzip:     1.66 kB
../editor-desktop/dist/renderer/editor/assets/desktopBackup-DPau_FlW.js                                 5.15 kB │ gzip:     2.35 kB
../editor-desktop/dist/renderer/editor/assets/helperFunctions-BbkehoRQ.js                               5.31 kB │ gzip:     1.76 kB
../editor-desktop/dist/renderer/editor/assets/particles.vertex-CBepZcfO.js                              5.39 kB │ gzip:     1.37 kB
../editor-desktop/dist/renderer/editor/assets/environmentTextureTools-BGhHeiTO.js                       6.47 kB │ gzip:     2.77 kB
../editor-desktop/dist/renderer/editor/assets/default.vertex-BmXIszHX.js                                6.86 kB │ gzip:     1.80 kB
../editor-desktop/dist/renderer/editor/assets/dds-De-vYOgM.js                                           7.05 kB │ gzip:     2.46 kB
../editor-desktop/dist/renderer/editor/assets/default.vertex-DDT6SCjv.js                                7.60 kB │ gzip:     1.98 kB
../editor-desktop/dist/renderer/editor/assets/shadowsVertex-BWcqwjT5.js                                 8.02 kB │ gzip:     1.70 kB
../editor-desktop/dist/renderer/editor/assets/basisTextureLoader-B1XB7Ky4.js                            8.16 kB │ gzip:     3.22 kB
../editor-desktop/dist/renderer/editor/assets/flowGraphMathCombineExtractBlocks-Ba6b2BDh.js             8.30 kB │ gzip:     1.23 kB
../editor-desktop/dist/renderer/editor/assets/bakedVertexAnimation-DUSR-Zcy.js                          9.28 kB │ gzip:     1.55 kB
../editor-desktop/dist/renderer/editor/assets/pbr.vertex-CgUxnSfa.js                                   11.76 kB │ gzip:     2.45 kB
../editor-desktop/dist/renderer/editor/assets/ktxTextureLoader-B1fiALad.js                             14.26 kB │ gzip:     4.17 kB
../editor-desktop/dist/renderer/editor/assets/exrTextureLoader-DfM2G6CB.js                             14.78 kB │ gzip:     5.57 kB
../editor-desktop/dist/renderer/editor/assets/flowGraphMathBlocks-BNqYw-DU.js                          17.88 kB │ gzip:     3.73 kB
../editor-desktop/dist/renderer/editor/assets/default.fragment-DfaP90iW.js                             20.39 kB │ gzip:     4.77 kB
../editor-desktop/dist/renderer/editor/assets/default.fragment-BMOAmO0F.js                             22.09 kB │ gzip:     4.83 kB
../editor-desktop/dist/renderer/editor/assets/ExportCenterPage-DuRIfHch.js                             23.85 kB │ gzip:     9.25 kB
../editor-desktop/dist/renderer/editor/assets/HeroPage-DhI89Qn-.js                                     28.49 kB │ gzip:    11.83 kB
../editor-desktop/dist/renderer/editor/assets/animationGroup-DdVOjzW5.js                               34.26 kB │ gzip:     8.78 kB
../editor-desktop/dist/renderer/editor/assets/oitFragment-DH_npzyA.js                                  68.34 kB │ gzip:    11.59 kB
../editor-desktop/dist/renderer/editor/assets/Preview3D-BCAqyheT.js                                    77.83 kB │ gzip:    23.14 kB
../editor-desktop/dist/renderer/editor/assets/VfxForgePage-xMSOIVkw.js                                103.28 kB │ gzip:    40.47 kB
../editor-desktop/dist/renderer/editor/assets/pbr.fragment-TD4ZGfOY.js                                126.52 kB │ gzip:    23.71 kB
../editor-desktop/dist/renderer/editor/assets/ExtrasAsMetadata-Bt5xZq4N.js                            445.09 kB │ gzip:    99.27 kB
../editor-desktop/dist/renderer/editor/assets/index-DFEET0vE.js                                     5,420.26 kB │ gzip: 1,735.70 kB

(!) Some chunks are larger than 500 kB after minification. Consider:
- Using dynamic import() to code-split the application
- Use build.rollupOptions.output.manualChunks to improve chunking: https://rollupjs.org/configuration-options/#output-manualchunks
- Adjust chunk size limit for this warning via build.chunkSizeWarningLimit.
✓ built in 12.12s
vite v5.4.21 building for desktop...
transforming...
✓ 1745 modules transformed.
rendering chunks...
computing gzip size...
../editor-desktop/dist/renderer/admin/index.html                                                       0.67 kB │ gzip:   0.41 kB
../editor-desktop/dist/renderer/admin/assets/HeroReviewPreview-kv0sEh0m.css                           41.36 kB │ gzip:   9.34 kB
../editor-desktop/dist/renderer/admin/assets/logDepthDeclaration-XUT9byD4.js                           0.25 kB │ gzip:   0.22 kB
../editor-desktop/dist/renderer/admin/assets/logDepthFragment-9zfCKO6c.js                              0.28 kB │ gzip:   0.23 kB
../editor-desktop/dist/renderer/admin/assets/flowGraphUnaryOperationBlock-CS1lgdL-.js                  0.30 kB │ gzip:   0.22 kB
../editor-desktop/dist/renderer/admin/assets/logDepthVertex-CRnhKIOY.js                                0.34 kB │ gzip:   0.25 kB
../editor-desktop/dist/renderer/admin/assets/pass.fragment-2E93vpVA.js                                 0.36 kB │ gzip:   0.28 kB
../editor-desktop/dist/renderer/admin/assets/flowGraphBinaryOperationBlock-DHSMtcRd.js                 0.38 kB │ gzip:   0.25 kB
../editor-desktop/dist/renderer/admin/assets/flowGraphTernaryOperationBlock-BAXeNWyL.js                0.42 kB │ gzip:   0.25 kB
../editor-desktop/dist/renderer/admin/assets/rgbdEncode.fragment-BXjdcPcI.js                           0.45 kB │ gzip:   0.33 kB
../editor-desktop/dist/renderer/admin/assets/fogVertex-CYEsKKCE.js                                     0.45 kB │ gzip:   0.26 kB
../editor-desktop/dist/renderer/admin/assets/pass.fragment-3GEtUNb5.js                                 0.49 kB │ gzip:   0.32 kB
../editor-desktop/dist/renderer/admin/assets/vertexColorMixing-BZbYG4DE.js                             0.54 kB │ gzip:   0.28 kB
../editor-desktop/dist/renderer/admin/assets/rgbdEncode.fragment-BCA6Fbw-.js                           0.58 kB │ gzip:   0.36 kB
../editor-desktop/dist/renderer/admin/assets/rgbdDecode.fragment-DHrh9eJx.js                           0.59 kB │ gzip:   0.37 kB
../editor-desktop/dist/renderer/admin/assets/postprocess.vertex-Dc--_Xuz.js                            0.62 kB │ gzip:   0.38 kB
../editor-desktop/dist/renderer/admin/assets/flowGraphSceneReadyEventBlock-Bi6NbUfj.js                 0.68 kB │ gzip:   0.41 kB
../editor-desktop/dist/renderer/admin/assets/flowGraphPauseAnimationBlock-BKi7gKU5.js                  0.68 kB │ gzip:   0.40 kB
../editor-desktop/dist/renderer/admin/assets/flowGraphCachedOperationBlock-B0MQMoqU.js                 0.69 kB │ gzip:   0.33 kB
../editor-desktop/dist/renderer/admin/assets/envTextureLoader-DZQ1zyyM.js                              0.72 kB │ gzip:   0.45 kB
../editor-desktop/dist/renderer/admin/assets/mainUVVaryingDeclaration-rJapQGdp.js                      0.72 kB │ gzip:   0.37 kB
../editor-desktop/dist/renderer/admin/assets/flowGraphConstantBlock-DsxAr6py.js                        0.73 kB │ gzip:   0.42 kB
../editor-desktop/dist/renderer/admin/assets/outline.fragment-DmLNmM8F.js                              0.76 kB │ gzip:   0.45 kB
../editor-desktop/dist/renderer/admin/assets/flowGraphBranchBlock-U7nMXYA4.js                          0.76 kB │ gzip:   0.42 kB
../editor-desktop/dist/renderer/admin/assets/flowGraphCodeExecutionBlock-mxdi6XGt.js                   0.77 kB │ gzip:   0.43 kB
../editor-desktop/dist/renderer/admin/assets/flowGraphGetVariableBlock-Bpzyn8kW.js                     0.77 kB │ gzip:   0.44 kB
../editor-desktop/dist/renderer/admin/assets/flowGraphContextBlock-MYramX8D.js                         0.78 kB │ gzip:   0.42 kB
../editor-desktop/dist/renderer/admin/assets/color.fragment-BCsRCy94.js                                0.79 kB │ gzip:   0.40 kB
../editor-desktop/dist/renderer/admin/assets/flowGraphCancelDelayBlock-DCIalM9M.js                     0.81 kB │ gzip:   0.50 kB
../editor-desktop/dist/renderer/admin/assets/flowGraphIndexOfBlock-DYL4leL-.js                         0.84 kB │ gzip:   0.46 kB
../editor-desktop/dist/renderer/admin/assets/flowGraphSendCustomEventBlock-C0FzX394.js                 0.85 kB │ gzip:   0.48 kB
../editor-desktop/dist/renderer/admin/assets/flowGraphConditionalDataBlock-2tRLrv_f.js                 0.85 kB │ gzip:   0.44 kB
../editor-desktop/dist/renderer/admin/assets/passCube.fragment-CWhkqw8E.js                             0.86 kB │ gzip:   0.37 kB
../editor-desktop/dist/renderer/admin/assets/flowGraphSceneTickEventBlock-QG94AW7u.js                  0.86 kB │ gzip:   0.46 kB
../editor-desktop/dist/renderer/admin/assets/flowGraphCounterBlock-CXiMzeuN.js                         0.86 kB │ gzip:   0.47 kB
../editor-desktop/dist/renderer/admin/assets/flowGraphGetAssetBlock-CVlcylIr.js                        0.87 kB │ gzip:   0.48 kB
../editor-desktop/dist/renderer/admin/assets/flowGraphArrayIndexBlock-Mh9CeiPU.js                      0.88 kB │ gzip:   0.48 kB
../editor-desktop/dist/renderer/admin/assets/mesh.vertexData.functions-BYooUupK.js                     0.92 kB │ gzip:   0.49 kB
../editor-desktop/dist/renderer/admin/assets/color.fragment-BQF7my09.js                                0.92 kB │ gzip:   0.44 kB
../editor-desktop/dist/renderer/admin/assets/outline.fragment-EmEjFc8Q.js                              0.93 kB │ gzip:   0.48 kB
../editor-desktop/dist/renderer/admin/assets/flowGraphFlipFlopBlock-CpSYtr_0.js                        0.93 kB │ gzip:   0.51 kB
../editor-desktop/dist/renderer/admin/assets/flowGraphFunctionReferenceBlock-Oesoe81i.js               0.94 kB │ gzip:   0.49 kB
../editor-desktop/dist/renderer/admin/assets/flowGraphDebounceBlock-Dn_SS9km.js                        1.00 kB │ gzip:   0.50 kB
../editor-desktop/dist/renderer/admin/assets/flowGraphDoNBlock-ydsiQ6yz.js                             1.01 kB │ gzip:   0.52 kB
../editor-desktop/dist/renderer/admin/assets/flowGraphSequenceBlock-Edyv48eQ.js                        1.01 kB │ gzip:   0.50 kB
../editor-desktop/dist/renderer/admin/assets/flowGraphPointerOutEventBlock-DUZ_Hrtn.js                 1.09 kB │ gzip:   0.57 kB
../editor-desktop/dist/renderer/admin/assets/flowGraphPointerOverEventBlock-F66qYPdt.js                1.10 kB │ gzip:   0.58 kB
../editor-desktop/dist/renderer/admin/assets/flowGraphWhileLoopBlock-BzpuWnLY.js                       1.11 kB │ gzip:   0.56 kB
../editor-desktop/dist/renderer/admin/assets/defaultUboDeclaration-WaioZENk.js                         1.13 kB │ gzip:   0.50 kB
../editor-desktop/dist/renderer/admin/assets/flowGraphDataSwitchBlock-CP-RWNVN.js                      1.13 kB │ gzip:   0.59 kB
../editor-desktop/dist/renderer/admin/assets/flowGraphGetPropertyBlock-B9VQb9j1.js                     1.15 kB │ gzip:   0.56 kB
../editor-desktop/dist/renderer/admin/assets/fogFragment-CW3iUZzo.js                                   1.16 kB │ gzip:   0.51 kB
../editor-desktop/dist/renderer/admin/assets/passCube.fragment-DfppWjK9.js                             1.17 kB │ gzip:   0.42 kB
../editor-desktop/dist/renderer/admin/assets/flowGraphTransformCoordinatesSystemBlock-jWWP1Jpc.js      1.18 kB │ gzip:   0.54 kB
../editor-desktop/dist/renderer/admin/assets/flowGraphBezierCurveEasingBlock-BSBbnx1e.js               1.20 kB │ gzip:   0.57 kB
../editor-desktop/dist/renderer/admin/assets/flowGraphSetPropertyBlock-CDsuvH-4.js                     1.20 kB │ gzip:   0.60 kB
../editor-desktop/dist/renderer/admin/assets/clipPlaneFragment-CZicmrLi.js                             1.22 kB │ gzip:   0.34 kB
../editor-desktop/dist/renderer/admin/assets/color.vertex-CGVyqenC.js                                  1.25 kB │ gzip:   0.56 kB
../editor-desktop/dist/renderer/admin/assets/flowGraphForLoopBlock-Cr5WOiS3.js                         1.26 kB │ gzip:   0.59 kB
../editor-desktop/dist/renderer/admin/assets/color.vertex-LCxjG6MT.js                                  1.29 kB │ gzip:   0.59 kB
../editor-desktop/dist/renderer/admin/assets/clipPlaneVertex-CPnqkDRi.js                               1.30 kB │ gzip:   0.34 kB
../editor-desktop/dist/renderer/admin/assets/workerPool-CfMXSLnf.js                                    1.30 kB │ gzip:   0.53 kB
../editor-desktop/dist/renderer/admin/assets/flowGraphConsoleLogBlock-D20tOTkZ.js                      1.35 kB │ gzip:   0.70 kB
../editor-desktop/dist/renderer/admin/assets/flowGraphSwitchBlock-CJV_npy9.js                          1.36 kB │ gzip:   0.63 kB
../editor-desktop/dist/renderer/admin/assets/ddsTextureLoader-CStQL0Zc.js                              1.39 kB │ gzip:   0.68 kB
../editor-desktop/dist/renderer/admin/assets/flowGraphReceiveCustomEventBlock-B2ahoSBB.js              1.48 kB │ gzip:   0.71 kB
../editor-desktop/dist/renderer/admin/assets/defaultUboDeclaration-CItky3Ry.js                         1.48 kB │ gzip:   0.49 kB
../editor-desktop/dist/renderer/admin/assets/outline.vertex-cULzyKUg.js                                1.50 kB │ gzip:   0.61 kB
../editor-desktop/dist/renderer/admin/assets/flowGraphTypeToTypeBlocks-S_kxzTB1.js                     1.52 kB │ gzip:   0.58 kB
../editor-desktop/dist/renderer/admin/assets/flowGraphThrottleBlock-Egz3TQqC.js                        1.59 kB │ gzip:   0.63 kB
../editor-desktop/dist/renderer/admin/assets/flowGraphSetVariableBlock-DqJ3ClMe.js                     1.64 kB │ gzip:   0.76 kB
../editor-desktop/dist/renderer/admin/assets/flowGraphWaitAllBlock-GX39SNpy.js                         1.74 kB │ gzip:   0.75 kB
../editor-desktop/dist/renderer/admin/assets/flowGraphMeshPickEventBlock-Dz4E2hH4.js                   1.76 kB │ gzip:   0.74 kB
../editor-desktop/dist/renderer/admin/assets/flowGraphEasingBlock-D_nJAuzs.js                          1.89 kB │ gzip:   0.87 kB
../editor-desktop/dist/renderer/admin/assets/outline.vertex-5VSO639L.js                                1.89 kB │ gzip:   0.72 kB
../editor-desktop/dist/renderer/admin/assets/flowGraphMultiGateBlock-fPhP9QeO.js                       1.90 kB │ gzip:   0.85 kB
../editor-desktop/dist/renderer/admin/assets/easing-BjLX_RKw.js                                        1.93 kB │ gzip:   0.81 kB
../editor-desktop/dist/renderer/admin/assets/flowGraphStopAnimationBlock-B2oBHsF2.js                   2.12 kB │ gzip:   0.80 kB
../editor-desktop/dist/renderer/admin/assets/abstractEngine.cubeTexture-zBYbB_A9.js                    2.21 kB │ gzip:   1.11 kB
../editor-desktop/dist/renderer/admin/assets/particles.fragment-BzNy8jaE.js                            2.26 kB │ gzip:   0.86 kB
../editor-desktop/dist/renderer/admin/assets/flowGraphInterpolationBlock-D48G54yq.js                   2.46 kB │ gzip:   1.02 kB
../editor-desktop/dist/renderer/admin/assets/hdrTextureLoader-e1sX07IA.js                              2.47 kB │ gzip:   1.18 kB
../editor-desktop/dist/renderer/admin/assets/dumpTools-L5Vpaodm.js                                     2.67 kB │ gzip:   1.29 kB
../editor-desktop/dist/renderer/admin/assets/iesTextureLoader-YuofH3DG.js                              2.73 kB │ gzip:   1.17 kB
../editor-desktop/dist/renderer/admin/assets/flowGraphVectorMathBlocks-CtGDRhaT.js                     3.12 kB │ gzip:   1.10 kB
../editor-desktop/dist/renderer/admin/assets/flowGraphJsonPointerParserBlock-DOipjB92.js               3.16 kB │ gzip:   1.33 kB
../editor-desktop/dist/renderer/admin/assets/harmonicsFunctions-nOliB4QX.js                            3.43 kB │ gzip:   0.95 kB
../editor-desktop/dist/renderer/admin/assets/tgaTextureLoader-CRj8XDBC.js                              3.57 kB │ gzip:   1.39 kB
../editor-desktop/dist/renderer/admin/assets/flowGraphMatrixMathBlocks-BI8Qz6Ou.js                     3.93 kB │ gzip:   1.12 kB
../editor-desktop/dist/renderer/admin/assets/flowGraphPlayAnimationBlock-CxZNGKah.js                   3.96 kB │ gzip:   1.35 kB
../editor-desktop/dist/renderer/admin/assets/flowGraphSetDelayBlock-CRQCsjdb.js                        3.96 kB │ gzip:   1.50 kB
../editor-desktop/dist/renderer/admin/assets/morphTargetsVertex-D6NNlnKn.js                            4.54 kB │ gzip:   0.96 kB
../editor-desktop/dist/renderer/admin/assets/imageProcessingFunctions-CoPDpWqQ.js                      4.71 kB │ gzip:   1.67 kB
../editor-desktop/dist/renderer/admin/assets/helperFunctions-DeJeRp9W.js                               5.31 kB │ gzip:   1.77 kB
../editor-desktop/dist/renderer/admin/assets/particles.vertex-D3HmsXGa.js                              5.43 kB │ gzip:   1.39 kB
../editor-desktop/dist/renderer/admin/assets/environmentTextureTools-Bs80SSbo.js                       6.65 kB │ gzip:   2.82 kB
../editor-desktop/dist/renderer/admin/assets/default.vertex-CHCF0JdK.js                                6.94 kB │ gzip:   1.84 kB
../editor-desktop/dist/renderer/admin/assets/dds-dKMCIlM0.js                                           7.13 kB │ gzip:   2.50 kB
../editor-desktop/dist/renderer/admin/assets/default.vertex-BVeXBgPv.js                                7.64 kB │ gzip:   2.00 kB
../editor-desktop/dist/renderer/admin/assets/shadowsVertex-BQdssu9y.js                                 8.03 kB │ gzip:   1.71 kB
../editor-desktop/dist/renderer/admin/assets/basisTextureLoader-By_8AHev.js                            8.20 kB │ gzip:   3.24 kB
../editor-desktop/dist/renderer/admin/assets/flowGraphMathCombineExtractBlocks-Bkqw8SXc.js             8.38 kB │ gzip:   1.26 kB
../editor-desktop/dist/renderer/admin/assets/bakedVertexAnimation-BTwRz5_d.js                          9.29 kB │ gzip:   1.56 kB
../editor-desktop/dist/renderer/admin/assets/pbr.vertex-DxObZ2-Y.js                                   11.80 kB │ gzip:   2.47 kB
../editor-desktop/dist/renderer/admin/assets/VoxelStudioPage-BvTIIA6R.js                              13.36 kB │ gzip:   5.93 kB
../editor-desktop/dist/renderer/admin/assets/ktxTextureLoader-DvthHLvk.js                             14.29 kB │ gzip:   4.19 kB
../editor-desktop/dist/renderer/admin/assets/exrTextureLoader-BGKRuVay.js                             14.81 kB │ gzip:   5.59 kB
../editor-desktop/dist/renderer/admin/assets/flowGraphMathBlocks-Cn-rtxdl.js                          17.96 kB │ gzip:   3.76 kB
../editor-desktop/dist/renderer/admin/assets/animation-CZ5fUcsd.js                                    18.89 kB │ gzip:   5.07 kB
../editor-desktop/dist/renderer/admin/assets/default.fragment-DJsJPjhG.js                             20.47 kB │ gzip:   4.81 kB
../editor-desktop/dist/renderer/admin/assets/default.fragment-CSOEMaa9.js                             22.12 kB │ gzip:   4.85 kB
../editor-desktop/dist/renderer/admin/assets/animationGroup-BJ92WbM8.js                               34.36 kB │ gzip:   8.82 kB
../editor-desktop/dist/renderer/admin/assets/ContentPage-Bz73P3N9.js                                  36.82 kB │ gzip:  15.27 kB
../editor-desktop/dist/renderer/admin/assets/VoxelCanvas-TF3pR9n2.js                                  50.54 kB │ gzip:  11.99 kB
../editor-desktop/dist/renderer/admin/assets/oitFragment-CYN7USa1.js                                  68.35 kB │ gzip:  11.60 kB
../editor-desktop/dist/renderer/admin/assets/pbr.fragment-Doku-SM8.js                                126.56 kB │ gzip:  23.73 kB
../editor-desktop/dist/renderer/admin/assets/index-Bl2CnU4p.js                                       138.66 kB │ gzip:  43.89 kB
../editor-desktop/dist/renderer/admin/assets/index-0IhwpFEr.js                                       429.45 kB │ gzip:  95.33 kB
../editor-desktop/dist/renderer/admin/assets/outlineRenderer-yyxY28BO.js                             946.84 kB │ gzip: 228.80 kB
../editor-desktop/dist/renderer/admin/assets/HeroReviewPreview-CiZVkT-t.js                         1,110.58 kB │ gzip: 317.99 kB
../editor-desktop/dist/renderer/admin/assets/index-DVuhEM_S.js                                     2,236.82 kB │ gzip: 905.70 kB

(!) Some chunks are larger than 500 kB after minification. Consider:
- Using dynamic import() to code-split the application
- Use build.rollupOptions.output.manualChunks to improve chunking: https://rollupjs.org/configuration-options/#output-manualchunks
- Adjust chunk size limit for this warning via build.chunkSizeWarningLimit.
✓ built in 7.76s
