
 RUN  v2.1.9 /Users/Takuro/Dropbox/我的 Mac (Moriya.local)/Documents/ABxVFX_EDIT/GGD-community-hero-forge-s3/apps/editor

 ✓ src/form/walk.test.ts (13 tests) 59ms
 ✓ src/readmeContract.test.ts (1 test) 6ms

 Test Files  2 passed (2)
      Tests  14 passed (14)
   Start at  00:46:11
   Duration  4.05s (transform 2.69s, setup 0ms, collect 3.45s, tests 64ms, environment 0ms, prepare 160ms)


> @ggd/editor@0.0.0 build /Users/Takuro/Dropbox/我的 Mac (Moriya.local)/Documents/ABxVFX_EDIT/GGD-community-hero-forge-s3/apps/editor
> vite build

vite v5.4.21 building for production...
transforming...
✓ 2874 modules transformed.
rendering chunks...
computing gzip size...
dist/index.html                                                       0.42 kB │ gzip:     0.27 kB
dist/assets/modelUpload.worker-DlhE9C-N.js                           89.75 kB
dist/assets/module-BNKLjITO.js                                      289.02 kB
dist/assets/heroValidation.worker-QX0xBiUB.js                       991.91 kB
dist/assets/index-DrE8UCma.css                                       43.39 kB │ gzip:     9.71 kB
dist/assets/logDepthDeclaration-BYx4JdSi.js                           0.24 kB │ gzip:     0.21 kB
dist/assets/logDepthFragment-D4A5Mcgf.js                              0.27 kB │ gzip:     0.22 kB
dist/assets/flowGraphUnaryOperationBlock-DGYdujU9.js                  0.30 kB │ gzip:     0.22 kB
dist/assets/pass.fragment-DGBlZrPz.js                                 0.32 kB │ gzip:     0.25 kB
dist/assets/logDepthVertex-Ba8VB9Ts.js                                0.34 kB │ gzip:     0.24 kB
dist/assets/rgbdEncode.fragment-B-hC8CKp.js                           0.37 kB │ gzip:     0.28 kB
dist/assets/flowGraphBinaryOperationBlock-CaMlJzSi.js                 0.38 kB │ gzip:     0.25 kB
dist/assets/flowGraphTernaryOperationBlock-B9EI_tmY.js                0.42 kB │ gzip:     0.25 kB
dist/assets/fogVertex-D8KGK546.js                                     0.44 kB │ gzip:     0.26 kB
dist/assets/pass.fragment-yewoXeCR.js                                 0.45 kB │ gzip:     0.30 kB
dist/assets/vertexColorMixing-Cqr1EyaF.js                             0.53 kB │ gzip:     0.28 kB
dist/assets/rgbdEncode.fragment-BzZuB6M9.js                           0.54 kB │ gzip:     0.34 kB
dist/assets/rgbdDecode.fragment-B5IdLghq.js                           0.55 kB │ gzip:     0.35 kB
dist/assets/flowGraphSceneReadyEventBlock-CN3lOMBD.js                 0.58 kB │ gzip:     0.36 kB
dist/assets/postprocess.vertex--R-0dju3.js                            0.58 kB │ gzip:     0.36 kB
dist/assets/flowGraphPauseAnimationBlock-NDpGiycO.js                  0.58 kB │ gzip:     0.36 kB
dist/assets/flowGraphConstantBlock-D26wGafl.js                        0.63 kB │ gzip:     0.38 kB
dist/assets/envTextureLoader-B4enupcB.js                              0.65 kB │ gzip:     0.41 kB
dist/assets/flowGraphGLTFDataProvider-B8r_hWtN.js                     0.66 kB │ gzip:     0.41 kB
dist/assets/flowGraphBranchBlock-BcbA0PvP.js                          0.67 kB │ gzip:     0.38 kB
dist/assets/flowGraphCodeExecutionBlock-9gejFSF3.js                   0.67 kB │ gzip:     0.38 kB
dist/assets/flowGraphGetVariableBlock-CqY5KZyt.js                     0.68 kB │ gzip:     0.39 kB
dist/assets/outline.fragment-DanEbmz8.js                              0.68 kB │ gzip:     0.41 kB
dist/assets/flowGraphContextBlock-BQis4o49.js                         0.68 kB │ gzip:     0.38 kB
dist/assets/flowGraphCachedOperationBlock-B2nzSjor.js                 0.71 kB │ gzip:     0.34 kB
dist/assets/color.fragment-DQCn_5TV.js                                0.71 kB │ gzip:     0.35 kB
dist/assets/mainUVVaryingDeclaration-C2SbjI4U.js                      0.71 kB │ gzip:     0.36 kB
dist/assets/flowGraphCancelDelayBlock-DNBal6Ao.js                     0.72 kB │ gzip:     0.46 kB
dist/assets/flowGraphIndexOfBlock-D126abPl.js                         0.75 kB │ gzip:     0.42 kB
dist/assets/flowGraphSendCustomEventBlock-BqQgz7Q0.js                 0.75 kB │ gzip:     0.44 kB
dist/assets/flowGraphConditionalDataBlock-tuievM9n.js                 0.76 kB │ gzip:     0.40 kB
dist/assets/flowGraphSceneTickEventBlock-C2yu7u_n.js                  0.76 kB │ gzip:     0.42 kB
dist/assets/flowGraphCounterBlock-PQxtnBwx.js                         0.77 kB │ gzip:     0.43 kB
dist/assets/flowGraphGetAssetBlock-DMDuE1aI.js                        0.78 kB │ gzip:     0.45 kB
dist/assets/flowGraphArrayIndexBlock-BkJmCU-n.js                      0.78 kB │ gzip:     0.44 kB
dist/assets/passCube.fragment-YsG4nPOY.js                             0.82 kB │ gzip:     0.35 kB
dist/assets/flowGraphFlipFlopBlock-RqaQk2-g.js                        0.84 kB │ gzip:     0.47 kB
dist/assets/flowGraphFunctionReferenceBlock-BXXZSBWe.js               0.84 kB │ gzip:     0.45 kB
dist/assets/color.fragment-Dj5wrEbT.js                                0.89 kB │ gzip:     0.42 kB
dist/assets/outline.fragment-CaoavSnS.js                              0.89 kB │ gzip:     0.46 kB
dist/assets/flowGraphDebounceBlock-DGN4m1h6.js                        0.90 kB │ gzip:     0.46 kB
dist/assets/flowGraphDoNBlock-J0QQwoHv.js                             0.91 kB │ gzip:     0.48 kB
dist/assets/flowGraphSequenceBlock-BtBvpRpf.js                        0.91 kB │ gzip:     0.46 kB
dist/assets/mesh.vertexData.functions-BYooUupK.js                     0.92 kB │ gzip:     0.49 kB
dist/assets/flowGraphPointerOutEventBlock-CrpWwupK.js                 1.00 kB │ gzip:     0.53 kB
dist/assets/flowGraphPointerOverEventBlock-D4ZY2D94.js                1.01 kB │ gzip:     0.54 kB
dist/assets/flowGraphWhileLoopBlock-DiV00XqJ.js                       1.02 kB │ gzip:     0.52 kB
dist/assets/flowGraphDataSwitchBlock-DGg8qjHc.js                      1.04 kB │ gzip:     0.55 kB
dist/assets/flowGraphGetPropertyBlock-DVoIw7Lg.js                     1.05 kB │ gzip:     0.52 kB
dist/assets/defaultUboDeclaration-CZp53FUG.js                         1.08 kB │ gzip:     0.47 kB
dist/assets/flowGraphTransformCoordinatesSystemBlock-JSbewILq.js      1.09 kB │ gzip:     0.51 kB
dist/assets/flowGraphSetPropertyBlock-frPlVPv6.js                     1.10 kB │ gzip:     0.55 kB
dist/assets/flowGraphBezierCurveEasingBlock-D7Hf3ydk.js               1.10 kB │ gzip:     0.53 kB
dist/assets/passCube.fragment-Cth99XiV.js                             1.13 kB │ gzip:     0.40 kB
dist/assets/fogFragment-DZiAB7ke.js                                   1.15 kB │ gzip:     0.50 kB
dist/assets/flowGraphForLoopBlock-CO1IEILE.js                         1.16 kB │ gzip:     0.56 kB
dist/assets/color.vertex-CCMUGA6x.js                                  1.18 kB │ gzip:     0.51 kB
dist/assets/clipPlaneFragment-rknbQ_Rh.js                             1.21 kB │ gzip:     0.34 kB
dist/assets/color.vertex-BoaY9HZs.js                                  1.25 kB │ gzip:     0.57 kB
dist/assets/flowGraphConsoleLogBlock-BVhB2lnS.js                      1.26 kB │ gzip:     0.66 kB
dist/assets/flowGraphSwitchBlock-B917Zp8o.js                          1.26 kB │ gzip:     0.59 kB
dist/assets/clipPlaneVertex-DMKh--TI.js                               1.29 kB │ gzip:     0.34 kB
dist/assets/workerPool-CfMXSLnf.js                                    1.30 kB │ gzip:     0.53 kB
dist/assets/ddsTextureLoader-CVbjGvWD.js                              1.31 kB │ gzip:     0.64 kB
dist/assets/flowGraphReceiveCustomEventBlock-COf1gMzx.js              1.38 kB │ gzip:     0.67 kB
dist/assets/outline.vertex-DLbPl8Ir.js                                1.42 kB │ gzip:     0.57 kB
dist/assets/flowGraphTypeToTypeBlocks-zB7FpOHm.js                     1.43 kB │ gzip:     0.54 kB
dist/assets/defaultUboDeclaration-DEvz2-0_.js                         1.47 kB │ gzip:     0.48 kB
dist/assets/flowGraphThrottleBlock-CPkJRI3e.js                        1.50 kB │ gzip:     0.59 kB
dist/assets/flowGraphSetVariableBlock-DwLdaX-k.js                     1.54 kB │ gzip:     0.72 kB
dist/assets/flowGraphWaitAllBlock-BdzQKaJ8.js                         1.65 kB │ gzip:     0.71 kB
dist/assets/flowGraphMeshPickEventBlock-B6cqgwAO.js                   1.67 kB │ gzip:     0.71 kB
dist/assets/flowGraphEasingBlock-D_NWZIjs.js                          1.79 kB │ gzip:     0.83 kB
dist/assets/flowGraphMultiGateBlock-B4zfsURz.js                       1.81 kB │ gzip:     0.80 kB
dist/assets/outline.vertex-C_e9Evly.js                                1.85 kB │ gzip:     0.71 kB
dist/assets/easing-tweJy1wR.js                                        1.92 kB │ gzip:     0.80 kB
dist/assets/flowGraphStopAnimationBlock-BOxvua5R.js                   2.02 kB │ gzip:     0.76 kB
dist/assets/abstractEngine.cubeTexture-DJI2YX5C.js                    2.21 kB │ gzip:     1.11 kB
dist/assets/particles.fragment-BOcel3Zq.js                            2.22 kB │ gzip:     0.84 kB
dist/assets/flowGraphInterpolationBlock-B95hzHP4.js                   2.36 kB │ gzip:     0.98 kB
dist/assets/hdrTextureLoader-CCIzNdMz.js                              2.43 kB │ gzip:     1.16 kB
dist/assets/dumpTools-7OcMw_5I.js                                     2.57 kB │ gzip:     1.26 kB
dist/assets/iesTextureLoader-BcrFpkyI.js                              2.69 kB │ gzip:     1.15 kB
dist/assets/flowGraphVectorMathBlocks-_qFFLKQf.js                     3.04 kB │ gzip:     1.07 kB
dist/assets/flowGraphJsonPointerParserBlock-BEiQQsYS.js               3.06 kB │ gzip:     1.29 kB
dist/assets/index-BHgtgi1W.js                                         3.20 kB │ gzip:     1.45 kB
dist/assets/harmonicsFunctions-3KT9mQC1.js                            3.42 kB │ gzip:     0.94 kB
dist/assets/tgaTextureLoader-ikeI2DNv.js                              3.53 kB │ gzip:     1.37 kB
dist/assets/flowGraphMatrixMathBlocks-5AvAZsFf.js                     3.84 kB │ gzip:     1.08 kB
dist/assets/flowGraphPlayAnimationBlock-7q1Dr_gK.js                   3.86 kB │ gzip:     1.31 kB
dist/assets/flowGraphSetDelayBlock-ChGWmyr3.js                        3.86 kB │ gzip:     1.46 kB
dist/assets/VfxTimeline-Up86OnkR.js                                   3.88 kB │ gzip:     2.05 kB
dist/assets/morphTargetsVertex-nLRNbuj7.js                            4.53 kB │ gzip:     0.95 kB
dist/assets/imageProcessingFunctions-DwRRx9WA.js                      4.70 kB │ gzip:     1.66 kB
dist/assets/helperFunctions-CSRjR5lD.js                               5.31 kB │ gzip:     1.76 kB
dist/assets/particles.vertex-cHZXPCpY.js                              5.39 kB │ gzip:     1.37 kB
dist/assets/desktopBackup-BvvHj8ek.js                                 6.00 kB │ gzip:     2.66 kB
dist/assets/environmentTextureTools-DlZDA100.js                       6.47 kB │ gzip:     2.77 kB
dist/assets/default.vertex-DwQMtesy.js                                6.86 kB │ gzip:     1.80 kB
dist/assets/dds-DkK7XKis.js                                           7.05 kB │ gzip:     2.46 kB
dist/assets/default.vertex-D7_GeMT1.js                                7.60 kB │ gzip:     1.98 kB
dist/assets/shadowsVertex-BHKwP2Kk.js                                 8.02 kB │ gzip:     1.70 kB
dist/assets/basisTextureLoader-B4ZP9j7r.js                            8.16 kB │ gzip:     3.22 kB
dist/assets/flowGraphMathCombineExtractBlocks-Dm0cZnDT.js             8.29 kB │ gzip:     1.22 kB
dist/assets/bakedVertexAnimation-Br7I8JjJ.js                          9.28 kB │ gzip:     1.55 kB
dist/assets/pbr.vertex-CmhYLoWd.js                                   11.76 kB │ gzip:     2.45 kB
dist/assets/ktxTextureLoader-DHewhowz.js                             14.26 kB │ gzip:     4.17 kB
dist/assets/exrTextureLoader-CJhbXW_x.js                             14.78 kB │ gzip:     5.57 kB
dist/assets/flowGraphMathBlocks-kjE0-km5.js                          17.88 kB │ gzip:     3.73 kB
dist/assets/default.fragment-BcYWLQ07.js                             20.39 kB │ gzip:     4.77 kB
dist/assets/default.fragment-dQLxnJWF.js                             22.09 kB │ gzip:     4.83 kB
dist/assets/ExportCenterPage-CVi35FET.js                             24.34 kB │ gzip:     9.64 kB
dist/assets/animationGroup-CKUpkENU.js                               34.26 kB │ gzip:     8.79 kB
dist/assets/HeroPage-Bw3a79rS.js                                     48.95 kB │ gzip:    19.77 kB
dist/assets/oitFragment-BD-uZx3S.js                                  68.34 kB │ gzip:    11.59 kB
dist/assets/Preview3D-B0Kp_uqT.js                                    78.83 kB │ gzip:    23.46 kB
dist/assets/VfxForgePage-DhquNeJT.js                                103.32 kB │ gzip:    40.49 kB
dist/assets/pbr.fragment-dmvHovtn.js                                126.52 kB │ gzip:    23.71 kB
dist/assets/ExtrasAsMetadata-BK-dOFhG.js                            445.09 kB │ gzip:    99.28 kB
dist/assets/index-B2nFhKe-.js                                     5,648.26 kB │ gzip: 1,876.06 kB

(!) Some chunks are larger than 500 kB after minification. Consider:
- Using dynamic import() to code-split the application
- Use build.rollupOptions.output.manualChunks to improve chunking: https://rollupjs.org/configuration-options/#output-manualchunks
- Adjust chunk size limit for this warning via build.chunkSizeWarningLimit.
✓ built in 12.60s
