🔓 隔離區:解鎖 459 份（追蹤 864,缺 0）

> ggd@0.0.0 docs:readme /Users/Takuro/Dropbox/我的 Mac (Moriya.local)/Documents/ABxVFX_EDIT/GGD-community-batch2-integration
> bash scripts/genrun.sh docs:readme docs:readme:raw


> ggd@0.0.0 docs:readme:raw /Users/Takuro/Dropbox/我的 Mac (Moriya.local)/Documents/ABxVFX_EDIT/GGD-community-batch2-integration
> python3 tools/reference/gen_readme_lists.py

contentVersion cv_d359633b3e9d
  README:roster       49 open rows  (replaced)
  README:abilities   293 open rows  (replaced)
  README:items       130 open rows  (replaced)
  README:grail        60 open rows  (replaced)
  README:mechanics   101 open rows  (replaced)
  README:arenas       13 open rows  (replaced)
  README:combat-env   39 open rows  (replaced)
  README:stat-bands  110 open rows  (replaced)
  README:tiers        15 open rows  (replaced)
  docs/reference/roster.md   (unchanged)
  docs/reference/abilities.md (unchanged)
  docs/reference/items.md    (unchanged)
  docs/reference/grail-wishes.md (unchanged)
  docs/reference/mechanics.md (unchanged)
unchanged README.md — 2084 lines, 184509 bytes (180.2 KB)
🔒 隔離區:上鎖 459 份（追蹤 864,缺 0,正規化器專屬 403 份不上鎖,部分產物 2 份不上鎖(GH#1097)）
✓ genrun: docs:readme 完成（產物已重新上鎖）
