
 RUN  v2.1.9 /Users/Takuro/Dropbox/我的 Mac (Moriya.local)/Documents/ABxVFX_EDIT/GGD-community-batch2-integration/apps/editor

 ✓ src/form/walk.test.ts (12 tests) 25861ms
   ✓ number or literal controls > exposes the shipping consumeStatus count as an editable number/all choice 707ms
   ✓ numeric rank column controls > offers actual spendHealth percentages as numeric rank columns 554ms
   ✓ walkZod widget kinds (editor-01) > maps strings/numbers/bools/enums/arrays/refs/literals from the REAL shared schemas 11413ms
   ✓ discriminated EffectDef union (editor-02) > renders variant cards keyed by kind, recursion depth-capped 3053ms
   ✓ discriminated EffectDef union (editor-02) > the leap variant is a REAL editable card, not just a tag 2465ms
   ✓ discriminated EffectDef union (editor-02) > the damageArea variant is a REAL editable card whose seed SAVES 2580ms
   ✓ discriminated EffectDef union (editor-02) > every seeded number lands INSIDE its own declared bounds 2506ms
   ✓ discriminated EffectDef union (editor-02) > provides sane defaults for new items and variant switches 2575ms
 ✓ src/readmeContract.test.ts (1 test) 5ms

 Test Files  2 passed (2)
      Tests  13 passed (13)
   Start at  00:46:11
   Duration  29.68s (transform 2.59s, setup 0ms, collect 3.32s, tests 25.87s, environment 0ms, prepare 156ms)


> @ggd/editor@0.0.0 build /Users/Takuro/Dropbox/我的 Mac (Moriya.local)/Documents/ABxVFX_EDIT/GGD-community-batch2-integration/apps/editor
> vite build

vite v5.4.21 building for production...
transforming...
✓ 2846 modules transformed.
rendering chunks...
computing gzip size...
dist/index.html                                                       0.42 kB │ gzip:     0.27 kB
dist/assets/modelUpload.worker-BEDaeBvK.js                           89.54 kB
dist/assets/module-BNKLjITO.js                                      289.02 kB
dist/assets/heroValidation.worker-t8MjJ7Z-.js                       934.88 kB
dist/assets/index-CnL1S1N8.css                                       43.16 kB │ gzip:     9.66 kB
dist/assets/logDepthDeclaration-fwqxjyRn.js                           0.24 kB │ gzip:     0.21 kB
dist/assets/logDepthFragment-BbaRNo4A.js                              0.27 kB │ gzip:     0.22 kB
dist/assets/flowGraphUnaryOperationBlock-DtJ8zJvM.js                  0.30 kB │ gzip:     0.22 kB
dist/assets/pass.fragment-Cj5E_nQ-.js                                 0.32 kB │ gzip:     0.25 kB
dist/assets/logDepthVertex-BnfF5TZm.js                                0.34 kB │ gzip:     0.24 kB
dist/assets/rgbdEncode.fragment-lD97GDWy.js                           0.37 kB │ gzip:     0.28 kB
dist/assets/flowGraphBinaryOperationBlock-Bjt24V4B.js                 0.38 kB │ gzip:     0.24 kB
dist/assets/flowGraphTernaryOperationBlock-8SklSkqv.js                0.42 kB │ gzip:     0.25 kB
dist/assets/fogVertex-C5vaw34u.js                                     0.44 kB │ gzip:     0.26 kB
dist/assets/pass.fragment-DJZxQCEq.js                                 0.45 kB │ gzip:     0.30 kB
dist/assets/vertexColorMixing-B25Hqp3b.js                             0.53 kB │ gzip:     0.28 kB
dist/assets/rgbdEncode.fragment-S7iRBsZ5.js                           0.54 kB │ gzip:     0.34 kB
dist/assets/rgbdDecode.fragment-DKbggOXk.js                           0.55 kB │ gzip:     0.35 kB
dist/assets/flowGraphSceneReadyEventBlock-DONgI4X4.js                 0.58 kB │ gzip:     0.36 kB
dist/assets/postprocess.vertex-D8vHLYNC.js                            0.58 kB │ gzip:     0.36 kB
dist/assets/flowGraphPauseAnimationBlock-Dua86H6u.js                  0.58 kB │ gzip:     0.35 kB
dist/assets/flowGraphConstantBlock-DFx6sDvX.js                        0.63 kB │ gzip:     0.38 kB
dist/assets/envTextureLoader-B4ld4SgW.js                              0.65 kB │ gzip:     0.40 kB
dist/assets/flowGraphGLTFDataProvider-D6OkSoYH.js                     0.66 kB │ gzip:     0.41 kB
dist/assets/flowGraphBranchBlock-3T_ucmuG.js                          0.67 kB │ gzip:     0.38 kB
dist/assets/flowGraphCodeExecutionBlock-Tbloti5I.js                   0.67 kB │ gzip:     0.38 kB
dist/assets/flowGraphGetVariableBlock-BKOZNiHT.js                     0.68 kB │ gzip:     0.39 kB
dist/assets/outline.fragment-CupvhwEl.js                              0.68 kB │ gzip:     0.41 kB
dist/assets/flowGraphContextBlock-C7C6t9uX.js                         0.68 kB │ gzip:     0.37 kB
dist/assets/flowGraphCachedOperationBlock-C2gl9csP.js                 0.71 kB │ gzip:     0.35 kB
dist/assets/color.fragment--rzXJgdb.js                                0.71 kB │ gzip:     0.35 kB
dist/assets/mainUVVaryingDeclaration-DnQf7sNR.js                      0.71 kB │ gzip:     0.36 kB
dist/assets/flowGraphCancelDelayBlock-Dt4igcX6.js                     0.72 kB │ gzip:     0.46 kB
dist/assets/flowGraphIndexOfBlock-2YlhyUbg.js                         0.75 kB │ gzip:     0.42 kB
dist/assets/flowGraphSendCustomEventBlock-CCsXYyzw.js                 0.75 kB │ gzip:     0.44 kB
dist/assets/flowGraphConditionalDataBlock-DG0hWly7.js                 0.76 kB │ gzip:     0.39 kB
dist/assets/flowGraphSceneTickEventBlock-BGSZLMej.js                  0.76 kB │ gzip:     0.41 kB
dist/assets/flowGraphCounterBlock-CHvUBMHz.js                         0.77 kB │ gzip:     0.42 kB
dist/assets/flowGraphGetAssetBlock-JestzK3A.js                        0.78 kB │ gzip:     0.44 kB
dist/assets/flowGraphArrayIndexBlock-BB5TxzLM.js                      0.78 kB │ gzip:     0.44 kB
dist/assets/passCube.fragment-BwoIMw0u.js                             0.82 kB │ gzip:     0.35 kB
dist/assets/flowGraphFlipFlopBlock-4TXBn9M6.js                        0.84 kB │ gzip:     0.46 kB
dist/assets/flowGraphFunctionReferenceBlock-DqN1jXyz.js               0.84 kB │ gzip:     0.44 kB
dist/assets/color.fragment-B3XBj9Wk.js                                0.89 kB │ gzip:     0.42 kB
dist/assets/outline.fragment-C1o22yNn.js                              0.89 kB │ gzip:     0.47 kB
dist/assets/flowGraphDebounceBlock-Ua1dDiVY.js                        0.90 kB │ gzip:     0.45 kB
dist/assets/flowGraphDoNBlock-ByY5RsGH.js                             0.91 kB │ gzip:     0.47 kB
dist/assets/flowGraphSequenceBlock-BQlY8EcT.js                        0.91 kB │ gzip:     0.46 kB
dist/assets/mesh.vertexData.functions-BYooUupK.js                     0.92 kB │ gzip:     0.49 kB
dist/assets/flowGraphPointerOutEventBlock-CNowOqxd.js                 1.00 kB │ gzip:     0.52 kB
dist/assets/flowGraphPointerOverEventBlock-BzG6Vlx6.js                1.01 kB │ gzip:     0.54 kB
dist/assets/flowGraphWhileLoopBlock-lZDNTc5N.js                       1.02 kB │ gzip:     0.52 kB
dist/assets/flowGraphDataSwitchBlock-KPpzRVZ4.js                      1.04 kB │ gzip:     0.55 kB
dist/assets/flowGraphGetPropertyBlock-Q9iM_l4M.js                     1.05 kB │ gzip:     0.52 kB
dist/assets/defaultUboDeclaration-CCCaPQfH.js                         1.08 kB │ gzip:     0.47 kB
dist/assets/flowGraphTransformCoordinatesSystemBlock-Bjg-5hBw.js      1.09 kB │ gzip:     0.50 kB
dist/assets/flowGraphSetPropertyBlock-PwKEtBzW.js                     1.10 kB │ gzip:     0.55 kB
dist/assets/flowGraphBezierCurveEasingBlock-ComTQovE.js               1.10 kB │ gzip:     0.53 kB
dist/assets/passCube.fragment-CDOSl6gA.js                             1.13 kB │ gzip:     0.40 kB
dist/assets/fogFragment-CNS8GzfC.js                                   1.15 kB │ gzip:     0.50 kB
dist/assets/flowGraphForLoopBlock-Bvxa4E8q.js                         1.16 kB │ gzip:     0.55 kB
dist/assets/color.vertex-PqrkxN3Q.js                                  1.18 kB │ gzip:     0.51 kB
dist/assets/clipPlaneFragment-CXsKc8Pk.js                             1.21 kB │ gzip:     0.34 kB
dist/assets/color.vertex-Cuu5BzUS.js                                  1.25 kB │ gzip:     0.57 kB
dist/assets/flowGraphConsoleLogBlock-DGjHP_i2.js                      1.26 kB │ gzip:     0.65 kB
dist/assets/flowGraphSwitchBlock-9evkA2JV.js                          1.26 kB │ gzip:     0.59 kB
dist/assets/clipPlaneVertex-Ek3PXrV7.js                               1.29 kB │ gzip:     0.34 kB
dist/assets/workerPool-CfMXSLnf.js                                    1.30 kB │ gzip:     0.53 kB
dist/assets/ddsTextureLoader-DgldWzZj.js                              1.31 kB │ gzip:     0.64 kB
dist/assets/flowGraphReceiveCustomEventBlock-B1EQiS_H.js              1.38 kB │ gzip:     0.66 kB
dist/assets/outline.vertex-CeGmCrg-.js                                1.42 kB │ gzip:     0.57 kB
dist/assets/flowGraphTypeToTypeBlocks-CH8hwWFV.js                     1.43 kB │ gzip:     0.54 kB
dist/assets/defaultUboDeclaration-CuOTd226.js                         1.47 kB │ gzip:     0.48 kB
dist/assets/flowGraphThrottleBlock-Bt_3i2HS.js                        1.50 kB │ gzip:     0.59 kB
dist/assets/flowGraphSetVariableBlock-e8vV1pGX.js                     1.54 kB │ gzip:     0.71 kB
dist/assets/flowGraphWaitAllBlock-C7FlIGsI.js                         1.65 kB │ gzip:     0.71 kB
dist/assets/flowGraphMeshPickEventBlock-Bf7FH_so.js                   1.67 kB │ gzip:     0.70 kB
dist/assets/flowGraphEasingBlock-V_yuXadI.js                          1.79 kB │ gzip:     0.82 kB
dist/assets/flowGraphMultiGateBlock-CjE5tX4q.js                       1.81 kB │ gzip:     0.80 kB
dist/assets/outline.vertex-DCYTSR48.js                                1.85 kB │ gzip:     0.71 kB
dist/assets/easing-D7FJmZ6W.js                                        1.92 kB │ gzip:     0.80 kB
dist/assets/flowGraphStopAnimationBlock-C4cLQShe.js                   2.02 kB │ gzip:     0.75 kB
dist/assets/abstractEngine.cubeTexture-D-rzhns_.js                    2.21 kB │ gzip:     1.11 kB
dist/assets/particles.fragment-Drkhirhj.js                            2.22 kB │ gzip:     0.84 kB
dist/assets/flowGraphInterpolationBlock-BpadIM6q.js                   2.36 kB │ gzip:     0.98 kB
dist/assets/hdrTextureLoader-D3DHjzrf.js                              2.43 kB │ gzip:     1.16 kB
dist/assets/dumpTools-BlQ-gOPO.js                                     2.57 kB │ gzip:     1.25 kB
dist/assets/iesTextureLoader-DNWL6DgI.js                              2.69 kB │ gzip:     1.15 kB
dist/assets/flowGraphVectorMathBlocks-Bd1X9048.js                     3.04 kB │ gzip:     1.06 kB
dist/assets/flowGraphJsonPointerParserBlock-CT1fycdq.js               3.06 kB │ gzip:     1.28 kB
dist/assets/index-DZpq6CIa.js                                         3.20 kB │ gzip:     1.45 kB
dist/assets/harmonicsFunctions-Dkqa4G7Z.js                            3.42 kB │ gzip:     0.95 kB
dist/assets/tgaTextureLoader-gnUCS3Xx.js                              3.53 kB │ gzip:     1.37 kB
dist/assets/flowGraphMatrixMathBlocks-CEiem2Mz.js                     3.84 kB │ gzip:     1.08 kB
dist/assets/flowGraphPlayAnimationBlock-B0xFqQrQ.js                   3.86 kB │ gzip:     1.30 kB
dist/assets/flowGraphSetDelayBlock-CbXLJABg.js                        3.86 kB │ gzip:     1.46 kB
dist/assets/VfxTimeline-izqL-qle.js                                   3.88 kB │ gzip:     2.05 kB
dist/assets/morphTargetsVertex-CjVMSImO.js                            4.53 kB │ gzip:     0.95 kB
dist/assets/imageProcessingFunctions-DZC_7G3s.js                      4.70 kB │ gzip:     1.66 kB
dist/assets/helperFunctions-CAP4CEGz.js                               5.31 kB │ gzip:     1.76 kB
dist/assets/particles.vertex-ChZ9a5pT.js                              5.39 kB │ gzip:     1.37 kB
dist/assets/desktopBackup-DPV0OohC.js                                 6.00 kB │ gzip:     2.66 kB
dist/assets/environmentTextureTools-D0yvym4p.js                       6.47 kB │ gzip:     2.77 kB
dist/assets/default.vertex-DUIEx_H7.js                                6.86 kB │ gzip:     1.80 kB
dist/assets/dds-tTi5IJbd.js                                           7.05 kB │ gzip:     2.46 kB
dist/assets/default.vertex-_ACp2sbc.js                                7.60 kB │ gzip:     1.98 kB
dist/assets/shadowsVertex-B0wv6mhy.js                                 8.02 kB │ gzip:     1.70 kB
dist/assets/basisTextureLoader-hKZVt7XW.js                            8.16 kB │ gzip:     3.21 kB
dist/assets/flowGraphMathCombineExtractBlocks-B-rwMiBl.js             8.29 kB │ gzip:     1.22 kB
dist/assets/bakedVertexAnimation-B-NkQRRq.js                          9.28 kB │ gzip:     1.55 kB
dist/assets/pbr.vertex-0e6ltIh8.js                                   11.76 kB │ gzip:     2.45 kB
dist/assets/ktxTextureLoader-pTRBPmjl.js                             14.26 kB │ gzip:     4.17 kB
dist/assets/exrTextureLoader-CRGQuvhF.js                             14.78 kB │ gzip:     5.57 kB
dist/assets/flowGraphMathBlocks-2Y6N-1ve.js                          17.88 kB │ gzip:     3.73 kB
dist/assets/default.fragment-DmEWjQnd.js                             20.39 kB │ gzip:     4.77 kB
dist/assets/default.fragment-Bw0n3DSE.js                             22.09 kB │ gzip:     4.83 kB
dist/assets/ExportCenterPage-DwoO-unT.js                             24.34 kB │ gzip:     9.64 kB
dist/assets/animationGroup-Bn7lhA8P.js                               34.26 kB │ gzip:     8.78 kB
dist/assets/HeroPage-C-v8_9po.js                                     46.00 kB │ gzip:    18.29 kB
dist/assets/oitFragment-CWPDQs9i.js                                  68.34 kB │ gzip:    11.59 kB
dist/assets/Preview3D-BTHD9kEs.js                                    78.83 kB │ gzip:    23.46 kB
dist/assets/VfxForgePage-D0XevkKj.js                                103.32 kB │ gzip:    40.49 kB
dist/assets/pbr.fragment-01g5cD07.js                                126.52 kB │ gzip:    23.71 kB
dist/assets/ExtrasAsMetadata-DmD5OSuf.js                            445.09 kB │ gzip:    99.26 kB
dist/assets/index-DmAw1sck.js                                     5,592.03 kB │ gzip: 1,857.12 kB

(!) Some chunks are larger than 500 kB after minification. Consider:
- Using dynamic import() to code-split the application
- Use build.rollupOptions.output.manualChunks to improve chunking: https://rollupjs.org/configuration-options/#output-manualchunks
- Adjust chunk size limit for this warning via build.chunkSizeWarningLimit.
✓ built in 11.36s
