(node:97322) Warning: `--localstorage-file` was provided without a valid path
(Use `node --trace-warnings ...` to show where the warning was created)
BJS - [00:23:44]: Babylon.js v7.54.3 - Null engine
BJS - [00:23:44]: Babylon.js v7.54.3 - Null engine
{"character":"warwick","maxNormalized":0.00007120690770818564,"movementMax":624.25887188162,"pass":true}
BJS - [00:23:45]: Babylon.js v7.54.3 - Null engine
BJS - [00:23:45]: Babylon.js v7.54.3 - Null engine
{"character":"karthus","maxNormalized":0.000018240526929157444,"movementMax":412.46490217908746,"pass":true}
BJS - [00:23:46]: Babylon.js v7.54.3 - Null engine
BJS - [00:23:46]: Babylon.js v7.54.3 - Null engine
{"character":"lux","maxNormalized":0.00002600334586788975,"movementMax":5124.611739153637,"pass":true}
BJS - [00:23:46]: Babylon.js v7.54.3 - Null engine
BJS - [00:23:46]: Babylon.js v7.54.3 - Null engine
{"character":"yasuo","maxNormalized":0.00032392271337547814,"movementMax":489.26014129260005,"pass":true}
BJS - [00:23:47]: Babylon.js v7.54.3 - Null engine
BJS - [00:23:47]: Babylon.js v7.54.3 - Null engine
{"character":"missfortune","maxNormalized":0.000036256810779990366,"movementMax":300.5163055144373,"pass":true}
BJS - [00:23:47]: Babylon.js v7.54.3 - Null engine
BJS - [00:23:48]: Babylon.js v7.54.3 - Null engine
{"character":"leesin","maxNormalized":0.00005862187687020356,"movementMax":472.09062040814285,"pass":true}
BJS - [00:23:48]: Babylon.js v7.54.3 - Null engine
BJS - [00:23:49]: Babylon.js v7.54.3 - Null engine
{"character":"xerath","maxNormalized":0.000013879850110616095,"movementMax":281.02108956029053,"pass":true}
