[33mThe CJS build of Vite's Node API is deprecated. See https://vite.dev/guide/troubleshooting.html#vite-cjs-node-api-deprecated for more details.[39m

 RUN  v2.1.9 /Users/Takuro/Dropbox/我的 Mac (Moriya.local)/Documents/ABxVFX_EDIT/GGD-community-hero-forge

 ✓ apps/game-server/src/net/eventFanout.test.ts (17 tests) 12ms
 ✓ packages/shared/src/sim/effects/consumeStatus.test.ts (24 tests) 93ms
 ✓ packages/shared/src/sim/effects/spendHealth.test.ts (19 tests) 59ms
 ✓ packages/shared/src/sim/castabilityVfxOnly.test.ts (6 tests) 53ms
 ✓ packages/shared/src/sim/abilities/statusCost.test.ts (8 tests) 34ms
(node:49824) Warning: `--localstorage-file` was provided without a valid path
(Use `node --trace-warnings ...` to show where the warning was created)
stdout | apps/client/src/vfx/VfxSystem.resourceWire.test.ts
BJS - [05:23:37]: Babylon.js v7.54.3 - Null engine

 ✓ apps/client/src/vfx/VfxSystem.resourceWire.test.ts (5 tests) 29ms
5:23:38 AM [vite] warning: invalid import "./${kind}.ts". Variable imports cannot import their own directory, place imports in a separate directory or make the import filename more specific. For example: import(`./foo/${bar}.js`).
  Plugin: vite:dynamic-import-vars
  File: /Users/Takuro/Dropbox/我的 Mac (Moriya.local)/Documents/ABxVFX_EDIT/GGD-community-hero-forge/packages/shared/src/content/schema/effects/effectShardWiring.test.ts
5:23:38 AM [vite] warning: invalid import "./${kind}.ts". Variable imports cannot import their own directory, place imports in a separate directory or make the import filename more specific. For example: import(`./foo/${bar}.js`).
  Plugin: vite:dynamic-import-vars
  File: /Users/Takuro/Dropbox/我的 Mac (Moriya.local)/Documents/ABxVFX_EDIT/GGD-community-hero-forge/packages/shared/src/content/schema/effects/effectShardWiring.test.ts
 ✓ packages/shared/src/content/schema/effects/effectShardWiring.test.ts (4 tests) 33ms
 ✓ packages/shared/src/sim/purity.test.ts (1 test) 48ms
 ✓ packages/shared/src/content/consumeStatusContract.test.ts (4 tests) 10ms

 Test Files  9 passed (9)
      Tests  88 passed (88)
   Start at  05:23:26
   Duration  13.73s (transform 2.72s, setup 0ms, collect 9.38s, tests 371ms, environment 1ms, prepare 564ms)

