[33mThe CJS build of Vite's Node API is deprecated. See https://vite.dev/guide/troubleshooting.html#vite-cjs-node-api-deprecated for more details.[39m

 RUN  v2.1.9 /Users/Takuro/Dropbox/我的 Mac (Moriya.local)/Documents/ABxVFX_EDIT/GGD-community-hero-forge

 ✓ apps/game-server/src/net/eventFanout.test.ts (17 tests) 9ms
 ✓ packages/shared/src/sim/effects/spendHealth.test.ts (19 tests) 56ms
(node:40768) Warning: `--localstorage-file` was provided without a valid path
(Use `node --trace-warnings ...` to show where the warning was created)
stdout | apps/client/src/vfx/VfxSystem.resourceWire.test.ts
BJS - [05:16:53]: Babylon.js v7.54.3 - Null engine

 ✓ apps/client/src/vfx/VfxSystem.resourceWire.test.ts (5 tests) 29ms
5:16:53 AM [vite] warning: invalid import "./${kind}.ts". Variable imports cannot import their own directory, place imports in a separate directory or make the import filename more specific. For example: import(`./foo/${bar}.js`).
  Plugin: vite:dynamic-import-vars
  File: /Users/Takuro/Dropbox/我的 Mac (Moriya.local)/Documents/ABxVFX_EDIT/GGD-community-hero-forge/packages/shared/src/content/schema/effects/effectShardWiring.test.ts
5:16:53 AM [vite] warning: invalid import "./${kind}.ts". Variable imports cannot import their own directory, place imports in a separate directory or make the import filename more specific. For example: import(`./foo/${bar}.js`).
  Plugin: vite:dynamic-import-vars
  File: /Users/Takuro/Dropbox/我的 Mac (Moriya.local)/Documents/ABxVFX_EDIT/GGD-community-hero-forge/packages/shared/src/content/schema/effects/effectShardWiring.test.ts
 ✓ packages/shared/src/content/schema/effects/effectShardWiring.test.ts (4 tests) 30ms
 ✓ packages/shared/src/sim/purity.test.ts (1 test) 47ms

 Test Files  5 passed (5)
      Tests  46 passed (46)
   Start at  05:16:48
   Duration  6.38s (transform 2.38s, setup 0ms, collect 4.20s, tests 170ms, environment 1ms, prepare 275ms)

