[33mThe CJS build of Vite's Node API is deprecated. See https://vite.dev/guide/troubleshooting.html#vite-cjs-node-api-deprecated for more details.[39m

 RUN  v2.1.9 /Users/Takuro/Dropbox/我的 Mac (Moriya.local)/Documents/ABxVFX_EDIT/GGD-community-hero-forge

 ❯ packages/shared/src/content/heroForge/communityRefinements/azazel.test.ts (18 tests | 1 failed) 407ms
   × Azazel authored six-slot refinement > packages kit-declared statuses but still rejects unknown status and visual dependencies 263ms
     → expected [Function] to throw error including 'vfx/missing-visual' but got '[\n  {\n    "code": "unrecognized_key…'
 ✓ packages/shared/src/content/import/heroPackage.test.ts (11 tests) 7528ms
   ✓ complete hero through Main's package representation > carries original slot requirements and author notes through ZIP without turning them into verdicts 1760ms
   ✓ complete hero through Main's package representation > pins authored subtype calls, compiles them once and rejects missing or changed dependencies 698ms
   ✓ complete hero through Main's package representation > round trips source text, repeated products, locks and six compiled slots through the existing validator 1078ms
   ✓ complete hero through Main's package representation > rejects runtime drift even after an attacker recomputes the outer digest 592ms
   ✓ complete hero through Main's package representation > rejects dependency drift even after an attacker recomputes the outer digest 593ms
   ✓ complete hero through Main's package representation > rejects root drift even after an attacker recomputes the outer digest 597ms
   ✓ complete hero through Main's package representation > rejects simulation drift even after an attacker recomputes the outer digest 578ms
   ✓ complete hero through Main's package representation > rejects missing drift even after an attacker recomputes the outer digest 514ms
   ✓ complete hero through Main's package representation > rejects manifest drift even after an attacker recomputes the outer digest 568ms

⎯⎯⎯⎯⎯⎯⎯ Failed Tests 1 ⎯⎯⎯⎯⎯⎯⎯

 FAIL  packages/shared/src/content/heroForge/communityRefinements/azazel.test.ts > Azazel authored six-slot refinement > packages kit-declared statuses but still rejects unknown status and visual dependencies
AssertionError: expected [Function] to throw error including 'vfx/missing-visual' but got '[\n  {\n    "code": "unrecognized_key…'

- Expected
+ Received

- vfx/missing-visual
+ [
+   {
+     "code": "unrecognized_keys",
+     "keys": [
+       "vfxKey"
+     ],
+     "path": [
+       "presentation",
+       "slots",
+       "Q"
+     ],
+     "message": "Unrecognized key(s) in object: 'vfxKey'"
+   }
+ ]

 ❯ packages/shared/src/content/heroForge/communityRefinements/azazel.test.ts:87:71
     85|     authored.acceptedPlan!.slots.EX.abilityOverrides.statusCost = { st…
     86|     authored.presentation.slots.Q.vfxKey = "missing-visual";
     87|     expect(() => compileHeroPackageProject(authored, catalog, false)).…
       |                                                                       ^
     88|   });
     89|   it("preserves complete original text, source identity, names and mod…

⎯⎯⎯⎯⎯⎯⎯⎯⎯⎯⎯⎯⎯⎯⎯⎯⎯⎯⎯⎯⎯⎯⎯⎯[1/1]⎯

 Test Files  1 failed | 1 passed (2)
      Tests  1 failed | 28 passed (29)
   Start at  06:02:52
   Duration  10.71s (transform 1.85s, setup 0ms, collect 5.11s, tests 7.94s, environment 0ms, prepare 171ms)

