[33mThe CJS build of Vite's Node API is deprecated. See https://vite.dev/guide/troubleshooting.html#vite-cjs-node-api-deprecated for more details.[39m

 RUN  v2.1.9 /Users/Takuro/Dropbox/我的 Mac (Moriya.local)/Documents/ABxVFX_EDIT/GGD-community-hero-forge

 ❯ packages/shared/src/sim/effects/consumeStatus.test.ts (21 tests | 1 failed | 20 skipped) 26ms
   × atomic status consumption and curse reversal > R then EX removes the caster's curse and buffs the enemy without the ordinary EX damage 25ms
     → expected 1614 to be 1684 // Object.is equality

⎯⎯⎯⎯⎯⎯⎯ Failed Tests 1 ⎯⎯⎯⎯⎯⎯⎯

 FAIL  packages/shared/src/sim/effects/consumeStatus.test.ts > atomic status consumption and curse reversal > R then EX removes the caster's curse and buffs the enemy without the ordinary EX damage
AssertionError: expected 1614 to be 1684 // Object.is equality

- Expected
+ Received

- 1684
+ 1614

 ❯ packages/shared/src/sim/effects/consumeStatus.test.ts:69:43
     67|     r.run(curse); expect(r.ad()).toBeLessThan(base);
     68|     r.run(reversal); r.step();
     69|     expect(r.world.health.get(r.foe)!.hp).toBe(hp);
       |                                           ^
     70|     expect(r.ad()).toBeGreaterThan(base);
     71|     expect(hasStatus(r.world, r.foe, CURSE, r.a)).toBe(false);

⎯⎯⎯⎯⎯⎯⎯⎯⎯⎯⎯⎯⎯⎯⎯⎯⎯⎯⎯⎯⎯⎯⎯⎯[1/1]⎯

 Test Files  1 failed (1)
      Tests  1 failed | 20 skipped (21)
   Start at  04:54:11
   Duration  2.34s (transform 1.19s, setup 0ms, collect 1.65s, tests 26ms, environment 0ms, prepare 80ms)

