[33mThe CJS build of Vite's Node API is deprecated. See https://vite.dev/guide/troubleshooting.html#vite-cjs-node-api-deprecated for more details.[39m

 RUN  v2.1.9 /Users/Takuro/Dropbox/我的 Mac (Moriya.local)/Documents/ABxVFX_EDIT/GGD-community-hero-forge

 ❯ packages/shared/src/sim/abilities/statusCost.test.ts (8 tests | 1 failed) 43ms
   × ability status cost > real R/EX casts combine one resource debit with the correct live branch (cleansed=false) 17ms
     → expected 1676.1908627450982 to be 1684 // Object.is equality

⎯⎯⎯⎯⎯⎯⎯ Failed Tests 1 ⎯⎯⎯⎯⎯⎯⎯

 FAIL  packages/shared/src/sim/abilities/statusCost.test.ts > ability status cost > real R/EX casts combine one resource debit with the correct live branch (cleansed=false)
AssertionError: expected 1676.1908627450982 to be 1684 // Object.is equality

- Expected
+ Received

- 1684
+ 1676.1908627450982

 ❯ packages/shared/src/sim/abilities/statusCost.test.ts:125:51
    123|     expect(hasStatus(r.world, r.target, BOON, r.caster)).toBe(!cleanse…
    124|     if (cleansed) expect(r.world.health.get(r.target)!.hp).toBeLessTha…
    125|     else expect(r.world.health.get(r.target)!.hp).toBe(hp);
       |                                                   ^
    126|   });
    127| });

⎯⎯⎯⎯⎯⎯⎯⎯⎯⎯⎯⎯⎯⎯⎯⎯⎯⎯⎯⎯⎯⎯⎯⎯[1/1]⎯

 Test Files  1 failed (1)
      Tests  1 failed | 7 passed (8)
   Start at  05:06:30
   Duration  2.18s (transform 1.16s, setup 0ms, collect 1.60s, tests 43ms, environment 0ms, prepare 85ms)

