
> @ggd/admin@0.0.0 build /Users/Takuro/Dropbox/我的 Mac (Moriya.local)/Documents/ABxVFX_EDIT/GGD-community-hero-forge/apps/admin
> vite build

vite v5.4.21 building for production...
transforming...
✓ 1766 modules transformed.
rendering chunks...
computing gzip size...
dist/index.html                                                       0.75 kB │ gzip:   0.44 kB
dist/assets/index-BL9aOWan.css                                        0.54 kB │ gzip:   0.29 kB
dist/assets/HeroReviewPreview-CcEFCyXD.css                           42.92 kB │ gzip:   9.62 kB
dist/assets/logDepthDeclaration-ar2Vh_rD.js                           0.25 kB │ gzip:   0.22 kB
dist/assets/logDepthFragment-iU51OvSM.js                              0.28 kB │ gzip:   0.23 kB
dist/assets/flowGraphUnaryOperationBlock-Ejb0rsMV.js                  0.30 kB │ gzip:   0.22 kB
dist/assets/logDepthVertex-C5bGW7UF.js                                0.34 kB │ gzip:   0.25 kB
dist/assets/pass.fragment-BY-uHENG.js                                 0.36 kB │ gzip:   0.28 kB
dist/assets/flowGraphBinaryOperationBlock-nSw2yn2W.js                 0.38 kB │ gzip:   0.25 kB
dist/assets/flowGraphTernaryOperationBlock-REZ-BF2e.js                0.42 kB │ gzip:   0.25 kB
dist/assets/rgbdEncode.fragment-DVvIrvdY.js                           0.45 kB │ gzip:   0.33 kB
dist/assets/fogVertex-DbH5yGAk.js                                     0.45 kB │ gzip:   0.26 kB
dist/assets/pass.fragment-DLEYoKjt.js                                 0.49 kB │ gzip:   0.32 kB
dist/assets/vertexColorMixing-DRPadL2F.js                             0.54 kB │ gzip:   0.28 kB
dist/assets/rgbdEncode.fragment-CyLAsRSN.js                           0.58 kB │ gzip:   0.36 kB
dist/assets/rgbdDecode.fragment-CYylr2un.js                           0.59 kB │ gzip:   0.37 kB
dist/assets/postprocess.vertex-D5ZXzMiT.js                            0.62 kB │ gzip:   0.38 kB
dist/assets/flowGraphSceneReadyEventBlock-ClrkJs_i.js                 0.68 kB │ gzip:   0.40 kB
dist/assets/flowGraphPauseAnimationBlock-gOkzUu3K.js                  0.68 kB │ gzip:   0.39 kB
dist/assets/flowGraphCachedOperationBlock-UJJChMLX.js                 0.69 kB │ gzip:   0.33 kB
dist/assets/envTextureLoader-DZ7LE7jB.js                              0.72 kB │ gzip:   0.45 kB
dist/assets/mainUVVaryingDeclaration-Bog-7JxO.js                      0.72 kB │ gzip:   0.37 kB
dist/assets/flowGraphConstantBlock-B0d_Zmlw.js                        0.73 kB │ gzip:   0.42 kB
dist/assets/outline.fragment-DOvNRsMr.js                              0.76 kB │ gzip:   0.46 kB
dist/assets/flowGraphBranchBlock-Cnm2N0ix.js                          0.76 kB │ gzip:   0.42 kB
dist/assets/flowGraphCodeExecutionBlock-Dsx7s19w.js                   0.77 kB │ gzip:   0.43 kB
dist/assets/flowGraphGetVariableBlock-CyzYuVAu.js                     0.77 kB │ gzip:   0.44 kB
dist/assets/flowGraphContextBlock-DG-SI3o0.js                         0.78 kB │ gzip:   0.42 kB
dist/assets/color.fragment-DK9OulSG.js                                0.79 kB │ gzip:   0.40 kB
dist/assets/flowGraphCancelDelayBlock-Cjvr54cD.js                     0.81 kB │ gzip:   0.50 kB
dist/assets/flowGraphIndexOfBlock-bIKARMuZ.js                         0.84 kB │ gzip:   0.46 kB
dist/assets/flowGraphSendCustomEventBlock-C1oXW1My.js                 0.85 kB │ gzip:   0.48 kB
dist/assets/flowGraphConditionalDataBlock-pOfDOQbt.js                 0.85 kB │ gzip:   0.44 kB
dist/assets/passCube.fragment-BIeqBbfZ.js                             0.86 kB │ gzip:   0.37 kB
dist/assets/flowGraphSceneTickEventBlock-CBhr_pxb.js                  0.86 kB │ gzip:   0.46 kB
dist/assets/flowGraphCounterBlock-Dsg_7_B_.js                         0.86 kB │ gzip:   0.47 kB
dist/assets/flowGraphGetAssetBlock-Be20uovW.js                        0.87 kB │ gzip:   0.48 kB
dist/assets/flowGraphArrayIndexBlock-ka1tIxDM.js                      0.88 kB │ gzip:   0.48 kB
dist/assets/mesh.vertexData.functions-BYooUupK.js                     0.92 kB │ gzip:   0.49 kB
dist/assets/color.fragment-C0Zca1W9.js                                0.92 kB │ gzip:   0.44 kB
dist/assets/outline.fragment-o4x619hy.js                              0.93 kB │ gzip:   0.48 kB
dist/assets/flowGraphFlipFlopBlock-B-IQ3XAZ.js                        0.93 kB │ gzip:   0.51 kB
dist/assets/flowGraphFunctionReferenceBlock-DGbWVSNC.js               0.94 kB │ gzip:   0.49 kB
dist/assets/flowGraphDebounceBlock-CO3teivz.js                        1.00 kB │ gzip:   0.50 kB
dist/assets/flowGraphDoNBlock-UFLaiTIN.js                             1.01 kB │ gzip:   0.52 kB
dist/assets/flowGraphSequenceBlock-ByyUjWWY.js                        1.01 kB │ gzip:   0.50 kB
dist/assets/flowGraphPointerOutEventBlock-DnCH8cIR.js                 1.09 kB │ gzip:   0.57 kB
dist/assets/flowGraphPointerOverEventBlock-BU_2hQ3Y.js                1.10 kB │ gzip:   0.58 kB
dist/assets/flowGraphWhileLoopBlock-DVbinhx3.js                       1.11 kB │ gzip:   0.56 kB
dist/assets/defaultUboDeclaration-DR1lSB_j.js                         1.13 kB │ gzip:   0.50 kB
dist/assets/flowGraphDataSwitchBlock-ByQSnQb8.js                      1.13 kB │ gzip:   0.59 kB
dist/assets/flowGraphGetPropertyBlock-CrJCxPXZ.js                     1.15 kB │ gzip:   0.56 kB
dist/assets/fogFragment-B4igwN-y.js                                   1.16 kB │ gzip:   0.51 kB
dist/assets/passCube.fragment-B56IvuUX.js                             1.17 kB │ gzip:   0.42 kB
dist/assets/flowGraphTransformCoordinatesSystemBlock-Dw3Ai-t0.js      1.18 kB │ gzip:   0.54 kB
dist/assets/flowGraphBezierCurveEasingBlock-B0iOiUjO.js               1.20 kB │ gzip:   0.57 kB
dist/assets/flowGraphSetPropertyBlock-DDcFA6FE.js                     1.20 kB │ gzip:   0.60 kB
dist/assets/clipPlaneFragment-B8A57c8t.js                             1.22 kB │ gzip:   0.34 kB
dist/assets/color.vertex-Bqec3eQ7.js                                  1.25 kB │ gzip:   0.56 kB
dist/assets/flowGraphForLoopBlock-i2ivUhN4.js                         1.26 kB │ gzip:   0.59 kB
dist/assets/color.vertex-D2KTyz_Z.js                                  1.29 kB │ gzip:   0.59 kB
dist/assets/clipPlaneVertex-Dm1WshMC.js                               1.30 kB │ gzip:   0.34 kB
dist/assets/workerPool-CfMXSLnf.js                                    1.30 kB │ gzip:   0.53 kB
dist/assets/flowGraphConsoleLogBlock-BfxXUBJ8.js                      1.35 kB │ gzip:   0.70 kB
dist/assets/flowGraphSwitchBlock-CZgPw24L.js                          1.36 kB │ gzip:   0.63 kB
dist/assets/ddsTextureLoader-DK930Krj.js                              1.39 kB │ gzip:   0.68 kB
dist/assets/flowGraphReceiveCustomEventBlock-BuWbYFXU.js              1.48 kB │ gzip:   0.71 kB
dist/assets/defaultUboDeclaration-HY9UNy-h.js                         1.48 kB │ gzip:   0.49 kB
dist/assets/outline.vertex-BqMxtP7m.js                                1.50 kB │ gzip:   0.61 kB
dist/assets/flowGraphTypeToTypeBlocks-xzMUPvhz.js                     1.52 kB │ gzip:   0.58 kB
dist/assets/flowGraphThrottleBlock-Cj-mHg4a.js                        1.59 kB │ gzip:   0.63 kB
dist/assets/flowGraphSetVariableBlock-j2WCigfB.js                     1.64 kB │ gzip:   0.75 kB
dist/assets/flowGraphWaitAllBlock-BkfZbOLQ.js                         1.74 kB │ gzip:   0.75 kB
dist/assets/flowGraphMeshPickEventBlock-B8XjekK0.js                   1.76 kB │ gzip:   0.75 kB
dist/assets/flowGraphEasingBlock-DDxJUuuP.js                          1.89 kB │ gzip:   0.87 kB
dist/assets/outline.vertex-RBlreuZU.js                                1.89 kB │ gzip:   0.73 kB
dist/assets/flowGraphMultiGateBlock-CcEIY0On.js                       1.90 kB │ gzip:   0.85 kB
dist/assets/easing-DUUkotWo.js                                        1.93 kB │ gzip:   0.81 kB
dist/assets/flowGraphStopAnimationBlock-r5W10G1p.js                   2.12 kB │ gzip:   0.79 kB
dist/assets/abstractEngine.cubeTexture-D2toJyzC.js                    2.21 kB │ gzip:   1.11 kB
dist/assets/particles.fragment-DlJsMKoz.js                            2.26 kB │ gzip:   0.86 kB
dist/assets/flowGraphInterpolationBlock-Bo9eXkAv.js                   2.46 kB │ gzip:   1.02 kB
dist/assets/hdrTextureLoader-C1YIq0nF.js                              2.47 kB │ gzip:   1.19 kB
dist/assets/dumpTools-DlTSDO3-.js                                     2.70 kB │ gzip:   1.31 kB
dist/assets/iesTextureLoader-BY_TyXF3.js                              2.73 kB │ gzip:   1.17 kB
dist/assets/flowGraphVectorMathBlocks-BlXzxc_2.js                     3.12 kB │ gzip:   1.10 kB
dist/assets/flowGraphJsonPointerParserBlock-D-ZTcQ6g.js               3.16 kB │ gzip:   1.33 kB
dist/assets/harmonicsFunctions-DLOBQW09.js                            3.43 kB │ gzip:   0.96 kB
dist/assets/tgaTextureLoader-g1YhG9PS.js                              3.57 kB │ gzip:   1.39 kB
dist/assets/flowGraphMatrixMathBlocks-CnLmcDWd.js                     3.93 kB │ gzip:   1.12 kB
dist/assets/flowGraphPlayAnimationBlock-B08l3YFa.js                   3.96 kB │ gzip:   1.35 kB
dist/assets/flowGraphSetDelayBlock-jmAgQ6VX.js                        3.96 kB │ gzip:   1.50 kB
dist/assets/morphTargetsVertex-BoPozMoZ.js                            4.54 kB │ gzip:   0.96 kB
dist/assets/imageProcessingFunctions-DxmznP9h.js                      4.71 kB │ gzip:   1.67 kB
dist/assets/helperFunctions-CCtlb3eN.js                               5.31 kB │ gzip:   1.77 kB
dist/assets/particles.vertex-CBdLgs_E.js                              5.43 kB │ gzip:   1.39 kB
dist/assets/environmentTextureTools-DPbIDTiz.js                       6.69 kB │ gzip:   2.84 kB
dist/assets/default.vertex-CcXkp_e1.js                                6.94 kB │ gzip:   1.84 kB
dist/assets/dds-B72vcTma.js                                           7.13 kB │ gzip:   2.50 kB
dist/assets/default.vertex-CoR561Mq.js                                7.64 kB │ gzip:   2.00 kB
dist/assets/shadowsVertex-Ba5qwjDA.js                                 8.03 kB │ gzip:   1.71 kB
dist/assets/basisTextureLoader-Cz5IIyGP.js                            8.20 kB │ gzip:   3.24 kB
dist/assets/flowGraphMathCombineExtractBlocks-BycanVkE.js             8.38 kB │ gzip:   1.26 kB
dist/assets/bakedVertexAnimation-C2tB7N7Q.js                          9.29 kB │ gzip:   1.56 kB
dist/assets/pbr.vertex-Bx_-Xu0l.js                                   11.80 kB │ gzip:   2.47 kB
dist/assets/VoxelStudioPage-BCP1Q8SK.js                              13.39 kB │ gzip:   5.95 kB
dist/assets/ktxTextureLoader-xvg8eXOu.js                             14.29 kB │ gzip:   4.19 kB
dist/assets/exrTextureLoader-EGW2fHrN.js                             14.81 kB │ gzip:   5.59 kB
dist/assets/flowGraphMathBlocks-CAg97kPL.js                          17.96 kB │ gzip:   3.76 kB
dist/assets/animation-Dp-3axoI.js                                    18.89 kB │ gzip:   5.07 kB
dist/assets/default.fragment-CXa6iqcz.js                             20.47 kB │ gzip:   4.82 kB
dist/assets/default.fragment-BW5j3OPB.js                             22.12 kB │ gzip:   4.85 kB
dist/assets/animationGroup-DJ25mzjD.js                               34.36 kB │ gzip:   8.82 kB
dist/assets/ContentPage-RvDEWiKn.js                                  41.90 kB │ gzip:  17.24 kB
dist/assets/VoxelCanvas-DSq_O_ja.js                                  50.54 kB │ gzip:  11.99 kB
dist/assets/oitFragment-DSaHBJsb.js                                  68.35 kB │ gzip:  11.60 kB
dist/assets/pbr.fragment-pcea714k.js                                126.56 kB │ gzip:  23.73 kB
dist/assets/index-BI4VDBG1.js                                       138.66 kB │ gzip:  43.89 kB
dist/assets/index-DbcOZWqZ.js                                       429.88 kB │ gzip:  95.35 kB
dist/assets/outlineRenderer-D9k8T9mS.js                             946.91 kB │ gzip: 228.83 kB
dist/assets/HeroReviewPreview-DQl4jGWI.js                         1,111.52 kB │ gzip: 318.28 kB
dist/assets/index-2Lq_AC0h.js                                     2,262.80 kB │ gzip: 913.75 kB

(!) Some chunks are larger than 500 kB after minification. Consider:
- Using dynamic import() to code-split the application
- Use build.rollupOptions.output.manualChunks to improve chunking: https://rollupjs.org/configuration-options/#output-manualchunks
- Adjust chunk size limit for this warning via build.chunkSizeWarningLimit.
✓ built in 9.10s
