
> @ggd/admin@0.0.0 build /Users/Takuro/Dropbox/我的 Mac (Moriya.local)/Documents/ABxVFX_EDIT/GGD-community-hero-forge/apps/admin
> vite build

vite v5.4.21 building for production...
transforming...
✓ 1765 modules transformed.
rendering chunks...
computing gzip size...
dist/index.html                                                       0.67 kB │ gzip:   0.40 kB
dist/assets/HeroReviewPreview-CcEFCyXD.css                           42.92 kB │ gzip:   9.62 kB
dist/assets/logDepthDeclaration-BNDORX7X.js                           0.25 kB │ gzip:   0.22 kB
dist/assets/logDepthFragment-Dv-vx-oG.js                              0.28 kB │ gzip:   0.23 kB
dist/assets/flowGraphUnaryOperationBlock-RhcLcs8i.js                  0.30 kB │ gzip:   0.22 kB
dist/assets/logDepthVertex-CFwOlNj0.js                                0.34 kB │ gzip:   0.25 kB
dist/assets/pass.fragment-BNtvG40G.js                                 0.36 kB │ gzip:   0.27 kB
dist/assets/flowGraphBinaryOperationBlock-BrUmJsE2.js                 0.38 kB │ gzip:   0.25 kB
dist/assets/flowGraphTernaryOperationBlock-CTV2pRHs.js                0.42 kB │ gzip:   0.25 kB
dist/assets/rgbdEncode.fragment-BqPT6zgK.js                           0.45 kB │ gzip:   0.33 kB
dist/assets/fogVertex-kFqEvx6-.js                                     0.45 kB │ gzip:   0.26 kB
dist/assets/pass.fragment-DYxck2W7.js                                 0.49 kB │ gzip:   0.32 kB
dist/assets/vertexColorMixing-CLK9FE2D.js                             0.54 kB │ gzip:   0.28 kB
dist/assets/rgbdEncode.fragment-D_ilpRMd.js                           0.58 kB │ gzip:   0.36 kB
dist/assets/rgbdDecode.fragment-DpeJaiqZ.js                           0.59 kB │ gzip:   0.37 kB
dist/assets/postprocess.vertex-Bj33nW0p.js                            0.62 kB │ gzip:   0.38 kB
dist/assets/flowGraphSceneReadyEventBlock-tsEayLlR.js                 0.68 kB │ gzip:   0.41 kB
dist/assets/flowGraphPauseAnimationBlock-DUZlyGq7.js                  0.68 kB │ gzip:   0.39 kB
dist/assets/flowGraphCachedOperationBlock-f2iZfPKS.js                 0.69 kB │ gzip:   0.33 kB
dist/assets/envTextureLoader-CTNoONVN.js                              0.72 kB │ gzip:   0.45 kB
dist/assets/mainUVVaryingDeclaration-D9gjhhW-.js                      0.72 kB │ gzip:   0.37 kB
dist/assets/flowGraphConstantBlock-CEdyEC0-.js                        0.73 kB │ gzip:   0.42 kB
dist/assets/outline.fragment-DhQfdvY1.js                              0.76 kB │ gzip:   0.45 kB
dist/assets/flowGraphBranchBlock-BpATuHql.js                          0.76 kB │ gzip:   0.42 kB
dist/assets/flowGraphCodeExecutionBlock-C5nwQ7h3.js                   0.77 kB │ gzip:   0.42 kB
dist/assets/flowGraphGetVariableBlock-DBVpPNpZ.js                     0.77 kB │ gzip:   0.44 kB
dist/assets/flowGraphContextBlock-C4VF9sDO.js                         0.78 kB │ gzip:   0.42 kB
dist/assets/color.fragment-CI7EakVd.js                                0.79 kB │ gzip:   0.40 kB
dist/assets/flowGraphCancelDelayBlock-D6Cue7Fy.js                     0.81 kB │ gzip:   0.50 kB
dist/assets/flowGraphIndexOfBlock-B4cB9p2T.js                         0.84 kB │ gzip:   0.46 kB
dist/assets/flowGraphSendCustomEventBlock-B0cvyhTa.js                 0.85 kB │ gzip:   0.48 kB
dist/assets/flowGraphConditionalDataBlock-CkD0XUl_.js                 0.85 kB │ gzip:   0.44 kB
dist/assets/passCube.fragment-CKWGC4jc.js                             0.86 kB │ gzip:   0.37 kB
dist/assets/flowGraphSceneTickEventBlock-BLdhz-jN.js                  0.86 kB │ gzip:   0.46 kB
dist/assets/flowGraphCounterBlock-CSe0smo9.js                         0.86 kB │ gzip:   0.46 kB
dist/assets/flowGraphGetAssetBlock-CsenB1t2.js                        0.87 kB │ gzip:   0.48 kB
dist/assets/flowGraphArrayIndexBlock-DFT5vRMi.js                      0.88 kB │ gzip:   0.48 kB
dist/assets/mesh.vertexData.functions-BYooUupK.js                     0.92 kB │ gzip:   0.49 kB
dist/assets/color.fragment-D6pJ4AlM.js                                0.92 kB │ gzip:   0.44 kB
dist/assets/outline.fragment-BJtOUxK_.js                              0.93 kB │ gzip:   0.48 kB
dist/assets/flowGraphFlipFlopBlock-BtmJj1Hf.js                        0.93 kB │ gzip:   0.51 kB
dist/assets/flowGraphFunctionReferenceBlock-DD0hGVVz.js               0.94 kB │ gzip:   0.49 kB
dist/assets/flowGraphDebounceBlock-jsK73YxV.js                        1.00 kB │ gzip:   0.50 kB
dist/assets/flowGraphDoNBlock-BKFLDeiA.js                             1.01 kB │ gzip:   0.52 kB
dist/assets/flowGraphSequenceBlock-BoP5xqI1.js                        1.01 kB │ gzip:   0.50 kB
dist/assets/flowGraphPointerOutEventBlock-DXVh2EGb.js                 1.09 kB │ gzip:   0.56 kB
dist/assets/flowGraphPointerOverEventBlock-Bv0Kp_J6.js                1.10 kB │ gzip:   0.58 kB
dist/assets/flowGraphWhileLoopBlock-Df_y833w.js                       1.11 kB │ gzip:   0.56 kB
dist/assets/defaultUboDeclaration-B36pZIe2.js                         1.13 kB │ gzip:   0.50 kB
dist/assets/flowGraphDataSwitchBlock-CwvfCuu2.js                      1.13 kB │ gzip:   0.59 kB
dist/assets/flowGraphGetPropertyBlock-BRSL-SBv.js                     1.15 kB │ gzip:   0.56 kB
dist/assets/fogFragment--q10U5-I.js                                   1.16 kB │ gzip:   0.51 kB
dist/assets/passCube.fragment-CohU9SAb.js                             1.17 kB │ gzip:   0.42 kB
dist/assets/flowGraphTransformCoordinatesSystemBlock-BC5Q6vNz.js      1.18 kB │ gzip:   0.54 kB
dist/assets/flowGraphBezierCurveEasingBlock-BHZBPGw7.js               1.20 kB │ gzip:   0.57 kB
dist/assets/flowGraphSetPropertyBlock-Bl4xJW8Z.js                     1.20 kB │ gzip:   0.59 kB
dist/assets/clipPlaneFragment-BNKxtkbE.js                             1.22 kB │ gzip:   0.34 kB
dist/assets/color.vertex-C3v-_kWv.js                                  1.25 kB │ gzip:   0.56 kB
dist/assets/flowGraphForLoopBlock-BNQ8Y8nB.js                         1.26 kB │ gzip:   0.59 kB
dist/assets/color.vertex-Cz28LS3K.js                                  1.29 kB │ gzip:   0.59 kB
dist/assets/clipPlaneVertex-D1bbvDY4.js                               1.30 kB │ gzip:   0.34 kB
dist/assets/workerPool-CfMXSLnf.js                                    1.30 kB │ gzip:   0.53 kB
dist/assets/flowGraphConsoleLogBlock-DAJ0DdUZ.js                      1.35 kB │ gzip:   0.69 kB
dist/assets/flowGraphSwitchBlock-CWDX00wx.js                          1.36 kB │ gzip:   0.63 kB
dist/assets/ddsTextureLoader-BsjVq6Dl.js                              1.39 kB │ gzip:   0.68 kB
dist/assets/flowGraphReceiveCustomEventBlock-BBvsgw0v.js              1.48 kB │ gzip:   0.71 kB
dist/assets/defaultUboDeclaration-9wX0Wizv.js                         1.48 kB │ gzip:   0.49 kB
dist/assets/outline.vertex-LpXFoITr.js                                1.50 kB │ gzip:   0.61 kB
dist/assets/flowGraphTypeToTypeBlocks-Z-UPI37v.js                     1.52 kB │ gzip:   0.58 kB
dist/assets/flowGraphThrottleBlock-2XNn80cI.js                        1.59 kB │ gzip:   0.63 kB
dist/assets/flowGraphSetVariableBlock-pe5hqkYv.js                     1.64 kB │ gzip:   0.75 kB
dist/assets/flowGraphWaitAllBlock-CDGNceJH.js                         1.74 kB │ gzip:   0.75 kB
dist/assets/flowGraphMeshPickEventBlock-BNKWVwG8.js                   1.76 kB │ gzip:   0.74 kB
dist/assets/flowGraphEasingBlock-BBfnnYWZ.js                          1.89 kB │ gzip:   0.86 kB
dist/assets/outline.vertex-DvO8Z9mr.js                                1.89 kB │ gzip:   0.72 kB
dist/assets/flowGraphMultiGateBlock-Bz7SsFLJ.js                       1.90 kB │ gzip:   0.84 kB
dist/assets/easing-C2CO6G2c.js                                        1.93 kB │ gzip:   0.81 kB
dist/assets/flowGraphStopAnimationBlock-f7w5BpQN.js                   2.12 kB │ gzip:   0.79 kB
dist/assets/abstractEngine.cubeTexture-B0vCI1aA.js                    2.21 kB │ gzip:   1.11 kB
dist/assets/particles.fragment-C-03XqeX.js                            2.26 kB │ gzip:   0.86 kB
dist/assets/flowGraphInterpolationBlock-Dfqzpwt_.js                   2.46 kB │ gzip:   1.02 kB
dist/assets/hdrTextureLoader-DzDyFtv9.js                              2.47 kB │ gzip:   1.18 kB
dist/assets/dumpTools-BZmAAIlP.js                                     2.67 kB │ gzip:   1.29 kB
dist/assets/iesTextureLoader-BtC69tZn.js                              2.73 kB │ gzip:   1.17 kB
dist/assets/flowGraphVectorMathBlocks-BCaxQFVW.js                     3.12 kB │ gzip:   1.10 kB
dist/assets/flowGraphJsonPointerParserBlock-m0lbkJqU.js               3.16 kB │ gzip:   1.33 kB
dist/assets/harmonicsFunctions-Cl7ooEdJ.js                            3.43 kB │ gzip:   0.95 kB
dist/assets/tgaTextureLoader-BISb9dZ1.js                              3.57 kB │ gzip:   1.39 kB
dist/assets/flowGraphMatrixMathBlocks-B9pX9sCJ.js                     3.93 kB │ gzip:   1.12 kB
dist/assets/flowGraphPlayAnimationBlock-DuDSk0gL.js                   3.96 kB │ gzip:   1.34 kB
dist/assets/flowGraphSetDelayBlock-Ccpiha30.js                        3.96 kB │ gzip:   1.50 kB
dist/assets/morphTargetsVertex-B57yoVNx.js                            4.54 kB │ gzip:   0.96 kB
dist/assets/imageProcessingFunctions-D87j0Wag.js                      4.71 kB │ gzip:   1.67 kB
dist/assets/helperFunctions-DXw0cXMs.js                               5.31 kB │ gzip:   1.77 kB
dist/assets/particles.vertex-A0X-JUpG.js                              5.43 kB │ gzip:   1.39 kB
dist/assets/environmentTextureTools-Bj3JO-3u.js                       6.65 kB │ gzip:   2.82 kB
dist/assets/default.vertex-CEwC0IsU.js                                6.94 kB │ gzip:   1.84 kB
dist/assets/dds-D9p5mgGe.js                                           7.13 kB │ gzip:   2.50 kB
dist/assets/default.vertex-CRCXLvVm.js                                7.64 kB │ gzip:   2.00 kB
dist/assets/shadowsVertex-bSWaRse6.js                                 8.03 kB │ gzip:   1.71 kB
dist/assets/basisTextureLoader-B0kpslNF.js                            8.20 kB │ gzip:   3.24 kB
dist/assets/flowGraphMathCombineExtractBlocks-BPdW6XKf.js             8.38 kB │ gzip:   1.26 kB
dist/assets/bakedVertexAnimation-DG2RfkDO.js                          9.29 kB │ gzip:   1.56 kB
dist/assets/pbr.vertex-D947-nno.js                                   11.80 kB │ gzip:   2.47 kB
dist/assets/VoxelStudioPage-BT7D-IXl.js                              13.36 kB │ gzip:   5.93 kB
dist/assets/ktxTextureLoader-BZUTzdQj.js                             14.29 kB │ gzip:   4.19 kB
dist/assets/exrTextureLoader-DEW6I9Ho.js                             14.81 kB │ gzip:   5.59 kB
dist/assets/flowGraphMathBlocks-Ckn8AMM7.js                          17.96 kB │ gzip:   3.76 kB
dist/assets/animation-CB1HFvST.js                                    18.89 kB │ gzip:   5.07 kB
dist/assets/default.fragment-PaxjZeQ_.js                             20.47 kB │ gzip:   4.81 kB
dist/assets/default.fragment-Cjs_UDUu.js                             22.12 kB │ gzip:   4.85 kB
dist/assets/animationGroup-D6i_7iom.js                               34.36 kB │ gzip:   8.82 kB
dist/assets/ContentPage-CKqkpeiZ.js                                  41.87 kB │ gzip:  17.23 kB
dist/assets/VoxelCanvas-M-MMXfiv.js                                  50.54 kB │ gzip:  11.99 kB
dist/assets/oitFragment-dmYwVR53.js                                  68.35 kB │ gzip:  11.60 kB
dist/assets/pbr.fragment-DceoJWhQ.js                                126.56 kB │ gzip:  23.73 kB
dist/assets/index-SudQESUW.js                                       138.66 kB │ gzip:  43.89 kB
dist/assets/index-DZdzvamo.js                                       429.45 kB │ gzip:  95.33 kB
dist/assets/outlineRenderer-soEx1k2X.js                             946.84 kB │ gzip: 228.79 kB
dist/assets/HeroReviewPreview-CK1GVDl1.js                         1,111.46 kB │ gzip: 318.26 kB
dist/assets/index-dUudBTHe.js                                     2,262.75 kB │ gzip: 913.74 kB

(!) Some chunks are larger than 500 kB after minification. Consider:
- Using dynamic import() to code-split the application
- Use build.rollupOptions.output.manualChunks to improve chunking: https://rollupjs.org/configuration-options/#output-manualchunks
- Adjust chunk size limit for this warning via build.chunkSizeWarningLimit.
✓ built in 11.67s
