  ✓ docs/_daily/2026-09-08.md 00:56 → `— 既有內容轉成 Markdown 文件的交付格式要求，沒有新增遊戲功能`（1 列）
  ⏭ GGD_LEDGER_NO_REGEN=1 ⇒ 沒有重生成 board（收工記得 `bash scripts/genrun.sh board:roll` ＋ `board:build`）
  ✓ docs/_daily/2026-09-08.md 02:29 → `1111`（1 列）
  ⏭ GGD_LEDGER_NO_REGEN=1 ⇒ 沒有重生成 board（收工記得 `bash scripts/genrun.sh board:roll` ＋ `board:build`）
  ✓ docs/_daily/2026-09-08.md 02:34 → `1111`（1 列）
  ⏭ GGD_LEDGER_NO_REGEN=1 ⇒ 沒有重生成 board（收工記得 `bash scripts/genrun.sh board:roll` ＋ `board:build`）
  ✓ docs/_daily/2026-09-08.md 02:37 → `1111`（1 列）
  ⏭ GGD_LEDGER_NO_REGEN=1 ⇒ 沒有重生成 board（收工記得 `bash scripts/genrun.sh board:roll` ＋ `board:build`）
  ✓ docs/_daily/2026-09-08.md 02:38 → `1111`（1 列）
  ⏭ GGD_LEDGER_NO_REGEN=1 ⇒ 沒有重生成 board（收工記得 `bash scripts/genrun.sh board:roll` ＋ `board:build`）
  ✓ docs/_daily/2026-09-08.md 02:41 → `1111`（1 列）
  ⏭ GGD_LEDGER_NO_REGEN=1 ⇒ 沒有重生成 board（收工記得 `bash scripts/genrun.sh board:roll` ＋ `board:build`）
  ✓ docs/_daily/2026-09-08.md 02:43 → `1111`（1 列）
  ⏭ GGD_LEDGER_NO_REGEN=1 ⇒ 沒有重生成 board（收工記得 `bash scripts/genrun.sh board:roll` ＋ `board:build`）
  ✓ docs/_daily/2026-09-08.md 11:13 → `1116 1117（既有素材庫工作的固定入口與來源約束）`（1 列）
  ⏭ GGD_LEDGER_NO_REGEN=1 ⇒ 沒有重生成 board（收工記得 `bash scripts/genrun.sh board:roll` ＋ `board:build`）
  ✓ docs/_daily/2026-09-08.md 11:47 → `— 繼續既有工作，未提出獨立新需求`（1 列）
  ⏭ GGD_LEDGER_NO_REGEN=1 ⇒ 沒有重生成 board（收工記得 `bash scripts/genrun.sh board:roll` ＋ `board:build`）
  ✓ docs/_daily/2026-09-08.md 14:41 → `1116 1117`（1 列）
  ⏭ GGD_LEDGER_NO_REGEN=1 ⇒ 沒有重生成 board（收工記得 `bash scripts/genrun.sh board:roll` ＋ `board:build`）
  ✓ docs/_daily/2026-09-08.md 14:48 → `1116 1117`（1 列）
  ⏭ GGD_LEDGER_NO_REGEN=1 ⇒ 沒有重生成 board（收工記得 `bash scripts/genrun.sh board:roll` ＋ `board:build`）
  ✓ docs/_daily/2026-09-08.md 15:34 → `1116 1117`（1 列）
  ⏭ GGD_LEDGER_NO_REGEN=1 ⇒ 沒有重生成 board（收工記得 `bash scripts/genrun.sh board:roll` ＋ `board:build`）
  ✓ docs/_daily/2026-09-08.md 17:35 → `1115`（1 列）
  ⏭ GGD_LEDGER_NO_REGEN=1 ⇒ 沒有重生成 board（收工記得 `bash scripts/genrun.sh board:roll` ＋ `board:build`）
  ✓ docs/_daily/2026-09-08.md 17:40 → `1116 1117`（1 列）
  ⏭ GGD_LEDGER_NO_REGEN=1 ⇒ 沒有重生成 board（收工記得 `bash scripts/genrun.sh board:roll` ＋ `board:build`）
  ✓ docs/_daily/2026-09-08.md 17:43 → `1116 1117`（1 列）
  ⏭ GGD_LEDGER_NO_REGEN=1 ⇒ 沒有重生成 board（收工記得 `bash scripts/genrun.sh board:roll` ＋ `board:build`）
  ✓ docs/_daily/2026-09-09.md 00:38 → `— 既有討論的簡短確認，未提出獨立新需求`（1 列）
  ⏭ GGD_LEDGER_NO_REGEN=1 ⇒ 沒有重生成 board（收工記得 `bash scripts/genrun.sh board:roll` ＋ `board:build`）
  ✓ docs/_daily/2026-09-09.md 00:58 → `1116 1117`（1 列）
  ⏭ GGD_LEDGER_NO_REGEN=1 ⇒ 沒有重生成 board（收工記得 `bash scripts/genrun.sh board:roll` ＋ `board:build`）
  ✓ 重生成 board:roll（帳本是它的輸入）
  ✓ 重生成 board:build（帳本是它的輸入）
