01 武藤遊戲: compile=passed kit=accepted zip=passed
02 八神庵: compile=passed kit=accepted zip=passed
03 不知火舞: compile=passed kit=accepted zip=passed
04 空條承太郎: compile=passed kit=accepted zip=passed
05 洛克人: compile=passed kit=accepted zip=passed
06 卡比: compile=passed kit=accepted zip=passed
07 西索: compile=passed kit=accepted zip=passed
08 米卡莎: compile=passed kit=accepted zip=passed
09 赫蘿: compile=passed kit=accepted zip=passed
10 魯路修: compile=passed kit=accepted zip=passed
11 利姆路: compile=passed kit=accepted zip=passed
12 衛宮士郎: compile=passed kit=accepted zip=passed
13 朝田詩乃: compile=passed kit=accepted zip=passed
14 殺老師: compile=passed kit=accepted zip=passed
15 比利海靈頓: compile=passed kit=accepted zip=passed
16 魔法少女☆伊莉雅: compile=passed kit=accepted zip=passed
17 安茲·烏爾·恭: compile=passed kit=accepted zip=passed
18 吉爾伽美什: compile=passed kit=accepted zip=passed
19 桐谷和人: compile=passed kit=accepted zip=passed
20 御坂美琴: compile=passed kit=accepted zip=passed
21 鹿目圓: compile=passed kit=accepted zip=passed
22 菜月昴: compile=passed kit=accepted zip=passed
23 坂田銀時: compile=passed kit=accepted zip=passed
24 奇犽: compile=passed kit=accepted zip=passed
25 一拳超人: compile=passed kit=accepted zip=passed
26 名偵探柯南: compile=passed kit=accepted zip=passed
27 庫洛魔法使: compile=passed kit=accepted zip=passed
28 艾莉絲·伯雷亞斯·格雷拉特: compile=passed kit=accepted zip=passed
29 芙莉蓮: compile=passed kit=accepted zip=passed
30 尼古貓貓: compile=passed kit=accepted zip=passed
31 SUN樂: compile=passed kit=accepted zip=passed
32 阿薩謝爾: compile=passed kit=accepted zip=passed
33 近衛刀太: compile=passed kit=accepted zip=passed
34 高速婆婆: compile=passed kit=accepted zip=passed
35 炭治郎: compile=passed kit=accepted zip=passed
36 鬼畜王蘭斯: compile=passed kit=accepted zip=passed
37 吉伊卡哇: compile=passed kit=accepted zip=passed
{"schemaPassed":37,"compilePassed":37,"kitAccepted":37,"zipRoundtripPassed":37,"originalMechanicsAccepted":0,"visualAccepted":0}
