{
  "paired": {
    "facts": {
      "before": {
        "counts": {
          "heroes": 16,
          "allClaims": 96,
          "jsonValidHeroes": 12,
          "strictContractValidHeroes": 10,
          "verdictCorrect": 71,
          "wrongSupport": 0
        },
        "train": {
          "heroes": 12,
          "allClaims": 72,
          "jsonValidHeroes": 8,
          "strictContractValidHeroes": 7,
          "verdictCorrect": 48,
          "wrongSupport": 0
        },
        "dev": {
          "heroes": 4,
          "allClaims": 24,
          "jsonValidHeroes": 4,
          "strictContractValidHeroes": 3,
          "verdictCorrect": 23,
          "wrongSupport": 0
        }
      },
      "after": {
        "counts": {
          "heroes": 16,
          "allClaims": 96,
          "jsonValidHeroes": 15,
          "strictContractValidHeroes": 14,
          "verdictCorrect": 89,
          "wrongSupport": 0
        },
        "train": {
          "heroes": 12,
          "allClaims": 72,
          "jsonValidHeroes": 12,
          "strictContractValidHeroes": 11,
          "verdictCorrect": 71,
          "wrongSupport": 0
        },
        "dev": {
          "heroes": 4,
          "allClaims": 24,
          "jsonValidHeroes": 3,
          "strictContractValidHeroes": 3,
          "verdictCorrect": 18,
          "wrongSupport": 0
        }
      }
    },
    "whole_hero": {
      "before": {
        "heroes": 4,
        "jsonValid": 4,
        "irValid": 2,
        "compiled": 2,
        "partialProbesAttempted": 7,
        "partialProbesPassed": 7,
        "newNegativeProbesAttempted": 3,
        "newNegativeProbesPassed": 0,
        "wholeHeroesQualified": 0,
        "automaticallyAccepted": 0
      },
      "after": {
        "heroes": 4,
        "jsonValid": 4,
        "irValid": 2,
        "compiled": 2,
        "partialProbesAttempted": 7,
        "partialProbesPassed": 7,
        "newNegativeProbesAttempted": 3,
        "newNegativeProbesPassed": 0,
        "wholeHeroesQualified": 0,
        "automaticallyAccepted": 0
      }
    }
  },
  "training": {
    "schema": "ggd-hero12b-lora-fact-pilot-result@1",
    "steps": 24,
    "trainableParameters": 319488,
    "trainedKeys": [
      "language_model.model.layers.46.self_attn.q_proj.lora_a",
      "language_model.model.layers.46.self_attn.q_proj.lora_b",
      "language_model.model.layers.46.self_attn.o_proj.lora_a",
      "language_model.model.layers.46.self_attn.o_proj.lora_b",
      "language_model.model.layers.47.self_attn.q_proj.lora_a",
      "language_model.model.layers.47.self_attn.q_proj.lora_b",
      "language_model.model.layers.47.self_attn.o_proj.lora_a",
      "language_model.model.layers.47.self_attn.o_proj.lora_b"
    ],
    "loadSeconds": 1.6988547500222921,
    "trainingStepSeconds": 29.45622046024073,
    "peakTrainingMetalBytes": 19574044428,
    "checkpoint": {
      "step": 24,
      "path": "checkpoint-0024",
      "sha256": "b7a72931cd740afd037195c1bc1e2c1aa4b57f4677da6ce1e4541f40cb9fe573"
    },
    "baselineMeanLoss": 0.14199508416155973,
    "adapterReloadVerified": true,
    "afterMeanLoss": 0.044780232633153595,
    "lossIsAdoptionMetric": false,
    "workerSeconds": 326.8775344589958,
    "workerSha256": "9efb85c4e0881f284c9392e51c571d1f56d8f5140943b746510787e03d79e8e5",
    "manifestSha256": "fd59a80c8190ea4011eb27d114c463b903b5098971b3fc4d3b412b856a126c4f",
    "modelPromoted": false,
    "releaseQualified": false
  },
  "releaseQualified": false
}
