[33mThe CJS build of Vite's Node API is deprecated. See https://vite.dev/guide/troubleshooting.html#vite-cjs-node-api-deprecated for more details.[39m

 RUN  v2.1.9 /Users/Takuro/Dropbox/我的 Mac (Moriya.local)/Documents/ABxVFX_EDIT/GGD-community-hero-forge

 ✓ packages/shared/src/sim/effects/dot.test.ts (24 tests) 134ms
 ✓ packages/shared/src/sim/effects/oncePerCast.test.ts (34 tests) 310ms
 ✓ packages/shared/src/sim/effects/lane3Kinds.test.ts (4 tests) 78ms
 ✓ packages/shared/src/sim/effects/hookFamily.test.ts (4 tests) 23ms
 ✓ packages/shared/src/sim/leap.test.ts (21 tests) 1088ms
 ✓ packages/shared/src/sim/effects/spendHealth.test.ts (19 tests) 72ms
stdout | packages/shared/src/sim/effects/chainLightning.test.ts > chainLightning — 逐跳有時間差、隨機挑下一個、逐跳遞減 (do-chain-lightning) > 尖峰情境：改前（瞬發）vs 改後（逐跳）的每 tick 成本
[chainLightning] 60 身體 / 480 筆傷害 · 改前(瞬發) 一格 14.50ms · 改後 施放 0.10ms + 有付款的 tick 平均 0.127ms (單格最多 20 發)
[chainLightning] 100 身體 / 480 筆傷害 · 改前(瞬發) 一格 6.31ms · 改後 施放 0.08ms + 有付款的 tick 平均 0.150ms (單格最多 20 發)

 ✓ packages/shared/src/sim/effects/chainLightning.test.ts (3 tests) 277ms
 ✓ packages/shared/src/sim/effects/devour.test.ts (5 tests) 28ms
 ✓ packages/shared/src/sim/effects/modelFxAndCues.test.ts (2 tests) 87ms
 ✓ packages/shared/src/sim/abilities/statusCost.test.ts (8 tests) 33ms
 ✓ packages/shared/src/sim/abilities/castApproach.test.ts (1 test) 27ms
 ✓ packages/shared/src/sim/content/conditionRecentCast.test.ts (3 tests) 33ms
 ✓ packages/shared/src/sim/purity.test.ts (1 test) 43ms

 Test Files  13 passed (13)
      Tests  129 passed (129)
   Start at  05:46:35
   Duration  6.88s (transform 2.47s, setup 0ms, collect 9.75s, tests 2.23s, environment 2ms, prepare 882ms)

