[33mThe CJS build of Vite's Node API is deprecated. See https://vite.dev/guide/troubleshooting.html#vite-cjs-node-api-deprecated for more details.[39m

 RUN  v2.1.9 /Users/Takuro/Dropbox/我的 Mac (Moriya.local)/Documents/ABxVFX_EDIT/GGD-community-hero-forge

 ❯ packages/shared/src/sim/effects/oncePerCast.test.ts (32 tests | 1 failed | 31 skipped) 30ms
   × oncePerCast effective-damage credit > multiple direct hits and victims share a credit; distinct same-tick casts each earn one 29ms
     → expected 3 to be 1 // Object.is equality

⎯⎯⎯⎯⎯⎯⎯ Failed Tests 1 ⎯⎯⎯⎯⎯⎯⎯

 FAIL  packages/shared/src/sim/effects/oncePerCast.test.ts > oncePerCast effective-damage credit > multiple direct hits and victims share a credit; distinct same-tick casts each earn one
AssertionError: expected 3 to be 1 // Object.is equality

- Expected
+ Received

- 1
+ 3

 ❯ packages/shared/src/sim/effects/oncePerCast.test.ts:68:89
     66|   it("multiple direct hits and victims share a credit; distinct same-t…
     67|     const r = rig([hit, hit, { kind: "damageArea", radius: 8, includeO…
     68|     expect(r.cast()).toBe("ok"); expect(r.count()).toBe(0); r.step(); …
       |                                                                                         ^
     69|     expect(r.world.health.get(r.second)!.hp).toBeLessThan(r.world.heal…
     70|     expect(r.cast()).toBe("ok"); expect(r.cast()).toBe("ok"); r.step()…

⎯⎯⎯⎯⎯⎯⎯⎯⎯⎯⎯⎯⎯⎯⎯⎯⎯⎯⎯⎯⎯⎯⎯⎯[1/1]⎯

 Test Files  1 failed (1)
      Tests  1 failed | 31 skipped (32)
   Start at  05:44:38
   Duration  2.37s (transform 1.19s, setup 0ms, collect 1.64s, tests 30ms, environment 0ms, prepare 90ms)

