[33mThe CJS build of Vite's Node API is deprecated. See https://vite.dev/guide/troubleshooting.html#vite-cjs-node-api-deprecated for more details.[39m

 RUN  v2.1.9 /Users/Takuro/Dropbox/我的 Mac (Moriya.local)/Documents/ABxVFX_EDIT/GGD-community-hero-forge

 ✓ packages/shared/src/sim/effects/dot.test.ts (24 tests) 113ms
 ✓ packages/shared/src/sim/effects/oncePerCast.test.ts (32 tests) 270ms
 ✓ packages/shared/src/sim/effects/lane3Kinds.test.ts (4 tests) 70ms
 ✓ packages/shared/src/sim/effects/hookFamily.test.ts (4 tests) 22ms
 ✓ packages/shared/src/sim/leap.test.ts (21 tests) 887ms
 ✓ packages/shared/src/sim/effects/spendHealth.test.ts (19 tests) 62ms
stdout | packages/shared/src/sim/effects/chainLightning.test.ts > chainLightning — 逐跳有時間差、隨機挑下一個、逐跳遞減 (do-chain-lightning) > 尖峰情境：改前（瞬發）vs 改後（逐跳）的每 tick 成本
[chainLightning] 60 身體 / 480 筆傷害 · 改前(瞬發) 一格 7.30ms · 改後 施放 0.11ms + 有付款的 tick 平均 0.165ms (單格最多 20 發)
[chainLightning] 100 身體 / 480 筆傷害 · 改前(瞬發) 一格 5.18ms · 改後 施放 0.08ms + 有付款的 tick 平均 0.143ms (單格最多 20 發)

 ✓ packages/shared/src/sim/effects/chainLightning.test.ts (3 tests) 228ms
 ✓ packages/shared/src/sim/effects/devour.test.ts (5 tests) 28ms
 ✓ packages/shared/src/sim/effects/modelFxAndCues.test.ts (2 tests) 91ms
 ✓ packages/shared/src/sim/abilities/statusCost.test.ts (8 tests) 38ms
 ✓ packages/shared/src/sim/abilities/castApproach.test.ts (1 test) 28ms
 ✓ packages/shared/src/sim/content/conditionRecentCast.test.ts (3 tests) 39ms
 ✓ packages/shared/src/sim/purity.test.ts (1 test) 76ms

 Test Files  13 passed (13)
      Tests  127 passed (127)
   Start at  05:42:46
   Duration  6.82s (transform 2.14s, setup 0ms, collect 8.82s, tests 1.95s, environment 2ms, prepare 882ms)

