
> @ggd/admin@0.0.0 build /Users/Takuro/Dropbox/我的 Mac (Moriya.local)/Documents/ABxVFX_EDIT/GGD-community-hero-forge/apps/admin
> vite build

vite v5.4.21 building for production...
transforming...
✓ 1750 modules transformed.
rendering chunks...
computing gzip size...
dist/index.html                                                       0.67 kB │ gzip:   0.41 kB
dist/assets/HeroReviewPreview-BRT3klPA.css                           42.00 kB │ gzip:   9.45 kB
dist/assets/logDepthDeclaration-lRhJeVtU.js                           0.25 kB │ gzip:   0.21 kB
dist/assets/logDepthFragment-BoI7wlx6.js                              0.28 kB │ gzip:   0.23 kB
dist/assets/flowGraphUnaryOperationBlock-Bt59j_Gr.js                  0.30 kB │ gzip:   0.22 kB
dist/assets/logDepthVertex-CLm0eh14.js                                0.34 kB │ gzip:   0.25 kB
dist/assets/pass.fragment-BRgxf7u7.js                                 0.36 kB │ gzip:   0.27 kB
dist/assets/flowGraphBinaryOperationBlock-6dhuKCnl.js                 0.38 kB │ gzip:   0.25 kB
dist/assets/flowGraphTernaryOperationBlock-BF_UF6VM.js                0.42 kB │ gzip:   0.25 kB
dist/assets/rgbdEncode.fragment-pJly_GRB.js                           0.45 kB │ gzip:   0.33 kB
dist/assets/fogVertex-C_vde7RA.js                                     0.45 kB │ gzip:   0.26 kB
dist/assets/pass.fragment-ChQEBjmz.js                                 0.49 kB │ gzip:   0.32 kB
dist/assets/vertexColorMixing-BG0ma6qO.js                             0.54 kB │ gzip:   0.28 kB
dist/assets/rgbdEncode.fragment-CTsLbl5Z.js                           0.58 kB │ gzip:   0.36 kB
dist/assets/rgbdDecode.fragment-yPYYqM2H.js                           0.59 kB │ gzip:   0.37 kB
dist/assets/postprocess.vertex-Cbi3MQ_L.js                            0.62 kB │ gzip:   0.38 kB
dist/assets/flowGraphSceneReadyEventBlock-2fDZQZ9s.js                 0.68 kB │ gzip:   0.41 kB
dist/assets/flowGraphPauseAnimationBlock-DjfY4uK2.js                  0.68 kB │ gzip:   0.39 kB
dist/assets/flowGraphCachedOperationBlock-Pw2k4Fa4.js                 0.69 kB │ gzip:   0.33 kB
dist/assets/envTextureLoader-BmhB4iEA.js                              0.72 kB │ gzip:   0.45 kB
dist/assets/mainUVVaryingDeclaration-C2I-C-0m.js                      0.72 kB │ gzip:   0.37 kB
dist/assets/flowGraphConstantBlock-DaFGEWeM.js                        0.73 kB │ gzip:   0.42 kB
dist/assets/outline.fragment-Bx1SyMeC.js                              0.76 kB │ gzip:   0.45 kB
dist/assets/flowGraphBranchBlock-sRUXTbAV.js                          0.76 kB │ gzip:   0.42 kB
dist/assets/flowGraphCodeExecutionBlock-BWnaXKO-.js                   0.77 kB │ gzip:   0.42 kB
dist/assets/flowGraphGetVariableBlock-5UzB9r0b.js                     0.77 kB │ gzip:   0.44 kB
dist/assets/flowGraphContextBlock-BwMoVT3U.js                         0.78 kB │ gzip:   0.42 kB
dist/assets/color.fragment-BjGccuaY.js                                0.79 kB │ gzip:   0.40 kB
dist/assets/flowGraphCancelDelayBlock-ChDV7N4g.js                     0.81 kB │ gzip:   0.50 kB
dist/assets/flowGraphIndexOfBlock-DDgR_JuJ.js                         0.84 kB │ gzip:   0.46 kB
dist/assets/flowGraphSendCustomEventBlock-BytySv53.js                 0.85 kB │ gzip:   0.48 kB
dist/assets/flowGraphConditionalDataBlock-CH2p9krN.js                 0.85 kB │ gzip:   0.44 kB
dist/assets/passCube.fragment-C31C-4sx.js                             0.86 kB │ gzip:   0.37 kB
dist/assets/flowGraphSceneTickEventBlock-DJRnax4k.js                  0.86 kB │ gzip:   0.46 kB
dist/assets/flowGraphCounterBlock-Cz4UqAkm.js                         0.86 kB │ gzip:   0.47 kB
dist/assets/flowGraphGetAssetBlock-B4UKy6pP.js                        0.87 kB │ gzip:   0.48 kB
dist/assets/flowGraphArrayIndexBlock-Bj_YswHp.js                      0.88 kB │ gzip:   0.48 kB
dist/assets/mesh.vertexData.functions-BYooUupK.js                     0.92 kB │ gzip:   0.49 kB
dist/assets/color.fragment-BKLz_VJW.js                                0.92 kB │ gzip:   0.44 kB
dist/assets/outline.fragment-D9OcFvBr.js                              0.93 kB │ gzip:   0.48 kB
dist/assets/flowGraphFlipFlopBlock-DNayvLS_.js                        0.93 kB │ gzip:   0.51 kB
dist/assets/flowGraphFunctionReferenceBlock-CxZV1IDT.js               0.94 kB │ gzip:   0.49 kB
dist/assets/flowGraphDebounceBlock-Ci3hHEu3.js                        1.00 kB │ gzip:   0.50 kB
dist/assets/flowGraphDoNBlock-BPY094k5.js                             1.01 kB │ gzip:   0.52 kB
dist/assets/flowGraphSequenceBlock-IkymT8kv.js                        1.01 kB │ gzip:   0.50 kB
dist/assets/flowGraphPointerOutEventBlock-nQXY-aH3.js                 1.09 kB │ gzip:   0.57 kB
dist/assets/flowGraphPointerOverEventBlock-D_hTlm2W.js                1.10 kB │ gzip:   0.58 kB
dist/assets/flowGraphWhileLoopBlock-C6moQ2lC.js                       1.11 kB │ gzip:   0.56 kB
dist/assets/defaultUboDeclaration-DggZopyY.js                         1.13 kB │ gzip:   0.50 kB
dist/assets/flowGraphDataSwitchBlock-BexblCGv.js                      1.13 kB │ gzip:   0.59 kB
dist/assets/flowGraphGetPropertyBlock-ByxmF1vF.js                     1.15 kB │ gzip:   0.56 kB
dist/assets/fogFragment-CMqShNgm.js                                   1.16 kB │ gzip:   0.51 kB
dist/assets/passCube.fragment-CZq7nve6.js                             1.17 kB │ gzip:   0.42 kB
dist/assets/flowGraphTransformCoordinatesSystemBlock-C7NMG0qn.js      1.18 kB │ gzip:   0.54 kB
dist/assets/flowGraphBezierCurveEasingBlock-oZRPjYNM.js               1.20 kB │ gzip:   0.57 kB
dist/assets/flowGraphSetPropertyBlock-0Gezx5ON.js                     1.20 kB │ gzip:   0.60 kB
dist/assets/clipPlaneFragment-DFjUbdVt.js                             1.22 kB │ gzip:   0.34 kB
dist/assets/color.vertex-CUiN7g8X.js                                  1.25 kB │ gzip:   0.56 kB
dist/assets/flowGraphForLoopBlock-C9BjLmXS.js                         1.26 kB │ gzip:   0.59 kB
dist/assets/color.vertex-DXnnZeGF.js                                  1.29 kB │ gzip:   0.59 kB
dist/assets/clipPlaneVertex-CExiHdzi.js                               1.30 kB │ gzip:   0.34 kB
dist/assets/workerPool-CfMXSLnf.js                                    1.30 kB │ gzip:   0.53 kB
dist/assets/flowGraphConsoleLogBlock-D3sLenlZ.js                      1.35 kB │ gzip:   0.69 kB
dist/assets/flowGraphSwitchBlock-CmvO22vO.js                          1.36 kB │ gzip:   0.63 kB
dist/assets/ddsTextureLoader-CUkWHiZ1.js                              1.39 kB │ gzip:   0.68 kB
dist/assets/flowGraphReceiveCustomEventBlock-x0YvjO4O.js              1.48 kB │ gzip:   0.71 kB
dist/assets/defaultUboDeclaration-F79BLQsM.js                         1.48 kB │ gzip:   0.49 kB
dist/assets/outline.vertex-t9r-B63k.js                                1.50 kB │ gzip:   0.61 kB
dist/assets/flowGraphTypeToTypeBlocks-HYYuQXJm.js                     1.52 kB │ gzip:   0.58 kB
dist/assets/flowGraphThrottleBlock-C0a9UABx.js                        1.59 kB │ gzip:   0.63 kB
dist/assets/flowGraphSetVariableBlock-oWssTN-0.js                     1.64 kB │ gzip:   0.75 kB
dist/assets/flowGraphWaitAllBlock-Cw3q_ZUJ.js                         1.74 kB │ gzip:   0.75 kB
dist/assets/flowGraphMeshPickEventBlock-C9Swc0zA.js                   1.76 kB │ gzip:   0.74 kB
dist/assets/flowGraphEasingBlock-B0fePI2B.js                          1.89 kB │ gzip:   0.86 kB
dist/assets/outline.vertex-BO5oLBft.js                                1.89 kB │ gzip:   0.72 kB
dist/assets/flowGraphMultiGateBlock-BRU-8HW-.js                       1.90 kB │ gzip:   0.84 kB
dist/assets/easing-SNvNoLRW.js                                        1.93 kB │ gzip:   0.81 kB
dist/assets/flowGraphStopAnimationBlock-BA4TqG03.js                   2.12 kB │ gzip:   0.80 kB
dist/assets/abstractEngine.cubeTexture-B3t1dCij.js                    2.21 kB │ gzip:   1.11 kB
dist/assets/particles.fragment-CllT7B-m.js                            2.26 kB │ gzip:   0.86 kB
dist/assets/flowGraphInterpolationBlock-BAmOv4os.js                   2.46 kB │ gzip:   1.02 kB
dist/assets/hdrTextureLoader-BZC1ooO2.js                              2.47 kB │ gzip:   1.18 kB
dist/assets/dumpTools-BBpTlRpj.js                                     2.67 kB │ gzip:   1.29 kB
dist/assets/iesTextureLoader-BaqCtfoI.js                              2.73 kB │ gzip:   1.17 kB
dist/assets/flowGraphVectorMathBlocks-SFBA-Kdt.js                     3.12 kB │ gzip:   1.10 kB
dist/assets/flowGraphJsonPointerParserBlock-Bx08ymm4.js               3.16 kB │ gzip:   1.33 kB
dist/assets/harmonicsFunctions-BH-kvOUt.js                            3.43 kB │ gzip:   0.95 kB
dist/assets/tgaTextureLoader-WmEgl-Dy.js                              3.57 kB │ gzip:   1.39 kB
dist/assets/flowGraphMatrixMathBlocks-CgWx9rjO.js                     3.93 kB │ gzip:   1.12 kB
dist/assets/flowGraphPlayAnimationBlock-CCPRGCgT.js                   3.96 kB │ gzip:   1.34 kB
dist/assets/flowGraphSetDelayBlock-DGyZG2Wc.js                        3.96 kB │ gzip:   1.50 kB
dist/assets/morphTargetsVertex-DSRwcNJP.js                            4.54 kB │ gzip:   0.96 kB
dist/assets/imageProcessingFunctions-CM9WZ402.js                      4.71 kB │ gzip:   1.67 kB
dist/assets/helperFunctions-CSVc-2W2.js                               5.31 kB │ gzip:   1.77 kB
dist/assets/particles.vertex-AhpnnWVd.js                              5.43 kB │ gzip:   1.39 kB
dist/assets/environmentTextureTools-Dhhunkdz.js                       6.65 kB │ gzip:   2.82 kB
dist/assets/default.vertex-B_3_2OmL.js                                6.94 kB │ gzip:   1.84 kB
dist/assets/dds-Bw1uAbQg.js                                           7.13 kB │ gzip:   2.50 kB
dist/assets/default.vertex-DOupRf00.js                                7.64 kB │ gzip:   2.00 kB
dist/assets/shadowsVertex-ltcqHHFL.js                                 8.03 kB │ gzip:   1.71 kB
dist/assets/basisTextureLoader-zw9AfLyP.js                            8.20 kB │ gzip:   3.24 kB
dist/assets/flowGraphMathCombineExtractBlocks-t_vgWlm5.js             8.38 kB │ gzip:   1.26 kB
dist/assets/bakedVertexAnimation-Ci-2T90V.js                          9.29 kB │ gzip:   1.56 kB
dist/assets/pbr.vertex-DepaMCio.js                                   11.80 kB │ gzip:   2.47 kB
dist/assets/VoxelStudioPage-BXshVcwV.js                              13.36 kB │ gzip:   5.93 kB
dist/assets/ktxTextureLoader-Ckdcr20D.js                             14.29 kB │ gzip:   4.19 kB
dist/assets/exrTextureLoader-CA96cnCx.js                             14.81 kB │ gzip:   5.59 kB
dist/assets/flowGraphMathBlocks-DD_B5gp3.js                          17.96 kB │ gzip:   3.76 kB
dist/assets/animation-QMSlUIkP.js                                    18.89 kB │ gzip:   5.07 kB
dist/assets/default.fragment-B0mbzosc.js                             20.47 kB │ gzip:   4.81 kB
dist/assets/default.fragment-D0sAdD0L.js                             22.12 kB │ gzip:   4.85 kB
dist/assets/animationGroup-B4PropfH.js                               34.36 kB │ gzip:   8.82 kB
dist/assets/ContentPage-DlfgD_F_.js                                  41.87 kB │ gzip:  17.23 kB
dist/assets/VoxelCanvas-s30RGzy4.js                                  50.54 kB │ gzip:  11.99 kB
dist/assets/oitFragment-MwClFejE.js                                  68.35 kB │ gzip:  11.60 kB
dist/assets/pbr.fragment-wt2jSa3D.js                                126.56 kB │ gzip:  23.73 kB
dist/assets/index-9DapSyZg.js                                       138.66 kB │ gzip:  43.89 kB
dist/assets/index-DE50qEdr.js                                       429.45 kB │ gzip:  95.33 kB
dist/assets/outlineRenderer-BJKmCd-o.js                             946.84 kB │ gzip: 228.78 kB
dist/assets/HeroReviewPreview-DCjY8MgG.js                         1,110.51 kB │ gzip: 317.94 kB
dist/assets/index-fNKSeYZn.js                                     2,239.77 kB │ gzip: 906.66 kB

(!) Some chunks are larger than 500 kB after minification. Consider:
- Using dynamic import() to code-split the application
- Use build.rollupOptions.output.manualChunks to improve chunking: https://rollupjs.org/configuration-options/#output-manualchunks
- Adjust chunk size limit for this warning via build.chunkSizeWarningLimit.
✓ built in 7.21s
