
> ggd@0.0.0 models:check /Users/Takuro/Dropbox/我的 Mac (Moriya.local)/Documents/ABxVFX_EDIT/GGD-hero-model-options
> python3 tools/model-census/gore_geoset.py --check

⛔ assets/models/imported/doraemon-cat.glb prim14 (120v, suspect, offset-floor) 帶殘留幾何卻沒有宣告 —— 文件 imported.doraemon-cat
⛔ assets/models/imported/doraemon-cat.glb prim15 (324v, suspect, second-skeleton) 帶殘留幾何卻沒有宣告 —— 文件 imported.doraemon-cat
⛔ assets/models/imported/doraemon-cat.glb prim16 (248v, suspect, second-skeleton) 帶殘留幾何卻沒有宣告 —— 文件 imported.doraemon-cat
⛔ assets/models/community/bb6bd9fd28cf1cf7c8bcc1682f833f6dae7b0651baa67c90bfcd91b095213991.glb prim0 (1789v, suspect, second-skeleton) 帶殘留幾何卻沒有宣告 —— 文件 ou99.458777-standard-v3
⛔ assets/models/ou99/ou99_458777.glb prim0 (1789v, suspect, second-skeleton) 帶殘留幾何卻沒有宣告 —— 文件 ou99.458777
⛔ assets/models/community/57dd13abf17b9fd326433db56eec992aa2ea88430c251fe314e3efa15b117af6.glb prim3 (597v, suspect, second-skeleton) 帶殘留幾何卻沒有宣告 —— 文件 ou99.474258-standard
⛔ assets/models/ou99/ou99_474258.glb prim3 (597v, suspect, second-skeleton) 帶殘留幾何卻沒有宣告 —— 文件 ou99.474258
⛔ assets/models/community/70752c0f9056ee76741657630e2ef1081dee058e424fd8205a8a23cf57e2c515.glb prim2 (49v, confirmed, gore-joint,floor-slab) 帶殘留幾何卻沒有宣告 —— 文件 ou99.495015-native-visibility-v1
⛔ assets/models/community/52eef1bdd02b3d903ca50f58fad639f626a0b96be078d1fdb0d030ea141fa03d.glb prim2 (49v, confirmed, gore-joint,floor-slab) 帶殘留幾何卻沒有宣告 —— 文件 ou99.495015-standard
⛔ assets/models/ou99/ou99_495015.glb prim2 (49v, confirmed, gore-joint,floor-slab) 帶殘留幾何卻沒有宣告 —— 文件 ou99.495015
⛔ assets/models/ou99/ou99_496905.glb prim14 (120v, suspect, offset-floor) 帶殘留幾何卻沒有宣告 —— 文件 ou99.496905
⛔ assets/models/ou99/ou99_496905.glb prim15 (324v, suspect, second-skeleton) 帶殘留幾何卻沒有宣告 —— 文件 ou99.496905
⛔ assets/models/ou99/ou99_496905.glb prim16 (248v, suspect, second-skeleton) 帶殘留幾何卻沒有宣告 —— 文件 ou99.496905
⛔ assets/models/ou99/versions/981134292fed0b71c90169cf15ef258874cccb78f0eb688037e6ccb699c6ebd3.glb prim2 (49v, confirmed, gore-joint,floor-slab) 帶殘留幾何卻沒有宣告 —— 文件 version.body.2226d94021dd15a4fb18d9e3f3793f1f20f546b4d88f403b
⛔ assets/models/community/versions/bb6bd9fd28cf1cf7c8bcc1682f833f6dae7b0651baa67c90bfcd91b095213991.glb prim0 (1789v, suspect, second-skeleton) 帶殘留幾何卻沒有宣告 —— 文件 version.body.816abee9c87fd7c889ee330cbcd247ea1c424f4b96d651a3
⛔ assets/models/ou99/versions/d7a771d971cf00a56478978e2d40738bfbabc2645bef66ae892d09a912765b7f.glb prim0 (1789v, suspect, second-skeleton) 帶殘留幾何卻沒有宣告 —— 文件 version.body.b8829067a837a7139124106d57607563822058652f2c1de0
⛔ assets/models/community/versions/70752c0f9056ee76741657630e2ef1081dee058e424fd8205a8a23cf57e2c515.glb prim2 (49v, confirmed, gore-joint,floor-slab) 帶殘留幾何卻沒有宣告 —— 文件 version.body.bc727842d2a9ffe0276684ccff5c8e2d80da5bced837e99a
⛔ assets/models/ou99/versions/66971613b4ade0929a97c176ff2eb268c5aa3c1f1435dd129072312ac6f85a06.glb prim3 (597v, suspect, second-skeleton) 帶殘留幾何卻沒有宣告 —— 文件 version.body.dcb2b25b905cfeca7bcf4acd0184171db8a4948ee58c0af1
⛔ assets/models/community/versions/52eef1bdd02b3d903ca50f58fad639f626a0b96be078d1fdb0d030ea141fa03d.glb prim2 (49v, confirmed, gore-joint,floor-slab) 帶殘留幾何卻沒有宣告 —— 文件 version.body.e7f8a4540c3340628f1d59d2f1f80ef5381a4a341e6d6dbc
⛔ assets/models/community/versions/57dd13abf17b9fd326433db56eec992aa2ea88430c251fe314e3efa15b117af6.glb prim3 (597v, suspect, second-skeleton) 帶殘留幾何卻沒有宣告 —— 文件 version.body.f6e33e6cd07961020df200e1dd883d671a164a376a6735de
⛔ assets/models/imported/doraemon-cat.glb prim5 (376v) 在「Spell One」整塊浮在身體上方 0.72 個身高，而且掛在另一具會動的骨架上 —— 沒有宣告（文件 imported.doraemon-cat）
⛔ assets/models/imported/doraemon-cat.glb prim7 (901v) 在「Spell One」整塊浮在身體上方 0.28 個身高，而且掛在另一具會動的骨架上 —— 沒有宣告（文件 imported.doraemon-cat）
⛔ assets/models/ou99/ou99_496905.glb prim5 (376v) 在「Spell One」整塊浮在身體上方 0.72 個身高，而且掛在另一具會動的骨架上 —— 沒有宣告（文件 ou99.496905）
⛔ assets/models/ou99/ou99_496905.glb prim7 (901v) 在「Spell One」整塊浮在身體上方 0.28 個身高，而且掛在另一具會動的骨架上 —— 沒有宣告（文件 ou99.496905）
check: 490 顆 .glb、20 處已宣告、7 處已宣告的離地分身、24 個問題
 ELIFECYCLE  Command failed with exit code 1.
