
> ggd@0.0.0 decor:build /Users/Takuro/Dropbox/我的 Mac (Moriya.local)/Documents/ABxVFX_EDIT/GGD-community-hero-forge-s3
> bash scripts/genrun.sh decor:build decor:build:raw

🔓 隔離區:解鎖 449 份（追蹤 854,缺 0）

> ggd@0.0.0 decor:build:raw /Users/Takuro/Dropbox/我的 Mac (Moriya.local)/Documents/ABxVFX_EDIT/GGD-community-hero-forge-s3
> tsx tools/config-decor/gen.ts

node:net:1986
      const error = new UVExceptionWithHostPort(rval, 'listen', address, port);
                    ^

Error: listen EPERM: operation not permitted /var/folders/nh/0xwcm79d52v3qyr1ntzqvwnc0000gq/T/tsx-503/7484.pipe
    at Server.setupListenHandle [as _listen2] (node:net:1986:21)
    at listenInCluster (node:net:2065:12)
    at Server.listen (node:net:2187:5)
    at file:///Users/Takuro/Dropbox/%E6%88%91%E7%9A%84%20Mac%20(Moriya.local)/Documents/ABxVFX_EDIT/GGD-community-hero-forge-s3/node_modules/.pnpm/tsx@4.23.1/node_modules/tsx/dist/cli.mjs:53:31472
    at new Promise (<anonymous>)
    at createIpcServer (file:///Users/Takuro/Dropbox/%E6%88%91%E7%9A%84%20Mac%20(Moriya.local)/Documents/ABxVFX_EDIT/GGD-community-hero-forge-s3/node_modules/.pnpm/tsx@4.23.1/node_modules/tsx/dist/cli.mjs:53:31450)
    at async file:///Users/Takuro/Dropbox/%E6%88%91%E7%9A%84%20Mac%20(Moriya.local)/Documents/ABxVFX_EDIT/GGD-community-hero-forge-s3/node_modules/.pnpm/tsx@4.23.1/node_modules/tsx/dist/cli.mjs:55:500 {
  code: 'EPERM',
  errno: -1,
  syscall: 'listen',
  address: '/var/folders/nh/0xwcm79d52v3qyr1ntzqvwnc0000gq/T/tsx-503/7484.pipe',
  port: -1
}

Node.js v25.9.0
 ELIFECYCLE  Command failed with exit code 1.
🔒 隔離區:上鎖 449 份（追蹤 854,缺 0,正規化器專屬 403 份不上鎖,部分產物 2 份不上鎖(GH#1097)）
✗✗ genrun: `pnpm decor:build` 失敗（exit 1）—— ⛔ 產物**沒有**重新產生。
✗✗ genrun: `pnpm decor:build` 失敗（exit 1）—— ⛔ 產物**沒有**重新產生。
 ELIFECYCLE  Command failed with exit code 1.
