
> ggd@0.0.0 content:build /Users/Takuro/Dropbox/我的 Mac (Moriya.local)/Documents/ABxVFX_EDIT/GGD-community-hero-forge-s3
> bash scripts/genrun.sh content:build content:build:raw

🔓 隔離區:解鎖 449 份（追蹤 854,缺 0）

> ggd@0.0.0 content:build:raw /Users/Takuro/Dropbox/我的 Mac (Moriya.local)/Documents/ABxVFX_EDIT/GGD-community-hero-forge-s3
> pnpm vfxassets:check && pnpm --filter @ggd/shared content:build && pnpm spec:build && pnpm overview:build && pnpm tiers:build


> ggd@0.0.0 vfxassets:check /Users/Takuro/Dropbox/我的 Mac (Moriya.local)/Documents/ABxVFX_EDIT/GGD-community-hero-forge-s3
> bash scripts/python-pillow.sh tools/vfx-asset-safety/check.py && bash scripts/python-pillow.sh tools/w3x-import/repair_alpha_backdrops.py --check && bash scripts/python-pillow.sh tools/vfx-asset-safety/repair_material_metadata.py --check

vfx-asset-safety: PASS (0 blocker(s))
checked: 0
checked: 0

> @ggd/shared@0.0.0 content:build /Users/Takuro/Dropbox/我的 Mac (Moriya.local)/Documents/ABxVFX_EDIT/GGD-community-hero-forge-s3/packages/shared
> tsx scripts/buildIndexes.ts

  champions        71 doc(s)  fc7a594de0e4
  abilities       421 doc(s)  4dc185ff936e
  items           142 doc(s)  1ee281a7f136
  augments         91 doc(s)  e003b299e8a9
  projectiles      21 doc(s)  952cffc4b28b
  status-effects   51 doc(s)  7219076b5f8e
  loot-tables       3 doc(s)  50b52195cd4a
  arenas           13 doc(s)  ee5870b2c76d
  maps              7 doc(s)  51237ab2fd5f
  config          101 doc(s)  1df2b396132f
  models          152 doc(s)  657ea888006b
  vfx             702 doc(s)  7df129081586
  skins             5 doc(s)  3d1095f3da83
  ability-templates  54 doc(s)  6534b2a0b44a
  vfx-scripts      10 doc(s)  3d945d196d0a
  vfx-subtypes      4 doc(s)  356bb93fc4d8
contentVersion: cv_4afa36ccb49b
editor-target-profile.json  digest=5665eedbfeff
bundle.json:    1848 doc(s)  2791284 B raw  591693 B gzip-9  390066 B brotli-11

> ggd@0.0.0 spec:build /Users/Takuro/Dropbox/我的 Mac (Moriya.local)/Documents/ABxVFX_EDIT/GGD-community-hero-forge-s3
> bash scripts/genrun.sh spec:build spec:build:raw


> ggd@0.0.0 spec:build:raw /Users/Takuro/Dropbox/我的 Mac (Moriya.local)/Documents/ABxVFX_EDIT/GGD-community-hero-forge-s3
> tsx tools/skill-spec/gen_spec.ts

✅ 寫出 /Users/Takuro/Dropbox/我的 Mac (Moriya.local)/Documents/ABxVFX_EDIT/GGD-community-hero-forge-s3/docs/技能標記機制與效果規則.md（4745 行）

> ggd@0.0.0 overview:build /Users/Takuro/Dropbox/我的 Mac (Moriya.local)/Documents/ABxVFX_EDIT/GGD-community-hero-forge-s3
> bash scripts/genrun.sh overview:build overview:build:raw


> ggd@0.0.0 overview:build:raw /Users/Takuro/Dropbox/我的 Mac (Moriya.local)/Documents/ABxVFX_EDIT/GGD-community-hero-forge-s3
> tsx tools/innate-legendary/gen_overview.ts

✅ 寫出 /Users/Takuro/Dropbox/我的 Mac (Moriya.local)/Documents/ABxVFX_EDIT/GGD-community-hero-forge-s3/docs/固有能力及寶具總覽.md（3179 行）

> ggd@0.0.0 tiers:build /Users/Takuro/Dropbox/我的 Mac (Moriya.local)/Documents/ABxVFX_EDIT/GGD-community-hero-forge-s3
> bash scripts/genrun.sh tiers:build tiers:build:raw


> ggd@0.0.0 tiers:build:raw /Users/Takuro/Dropbox/我的 Mac (Moriya.local)/Documents/ABxVFX_EDIT/GGD-community-hero-forge-s3
> tsx tools/skill-tiers/gen_tiers.ts

✅ 寫出 /Users/Takuro/Dropbox/我的 Mac (Moriya.local)/Documents/ABxVFX_EDIT/GGD-community-hero-forge-s3/docs/editor-contract/ggd-skill-tiers.md（476 行）
🔒 隔離區:上鎖 449 份（追蹤 854,缺 0,正規化器專屬 403 份不上鎖,部分產物 2 份不上鎖(GH#1097)）
✓ genrun: content:build 完成（產物已重新上鎖）
