
> @ggd/editor@0.0.0 build /Users/Takuro/Dropbox/我的 Mac (Moriya.local)/Documents/ABxVFX_EDIT/GGD-community-batch2-integration/apps/editor
> vite build

vite v5.4.21 building for production...
transforming...
✓ 2846 modules transformed.
rendering chunks...
computing gzip size...
dist/index.html                                                       0.42 kB │ gzip:     0.27 kB
dist/assets/modelUpload.worker-BEDaeBvK.js                           89.54 kB
dist/assets/module-BNKLjITO.js                                      289.02 kB
dist/assets/heroValidation.worker-CaxONTN7.js                       934.22 kB
dist/assets/index-CnL1S1N8.css                                       43.16 kB │ gzip:     9.66 kB
dist/assets/logDepthDeclaration-DZ9FaWxG.js                           0.24 kB │ gzip:     0.21 kB
dist/assets/logDepthFragment-qOPK2Mn1.js                              0.27 kB │ gzip:     0.22 kB
dist/assets/flowGraphUnaryOperationBlock-BgaYc-fJ.js                  0.30 kB │ gzip:     0.22 kB
dist/assets/pass.fragment-BmsxVjWA.js                                 0.32 kB │ gzip:     0.25 kB
dist/assets/logDepthVertex-I7Dcy3bN.js                                0.34 kB │ gzip:     0.24 kB
dist/assets/rgbdEncode.fragment-IlU9HPJG.js                           0.37 kB │ gzip:     0.29 kB
dist/assets/flowGraphBinaryOperationBlock-Dauinb9D.js                 0.38 kB │ gzip:     0.25 kB
dist/assets/flowGraphTernaryOperationBlock-DM6TcbYK.js                0.42 kB │ gzip:     0.25 kB
dist/assets/fogVertex-BE1iiwCl.js                                     0.44 kB │ gzip:     0.26 kB
dist/assets/pass.fragment-CeTFls1w.js                                 0.45 kB │ gzip:     0.30 kB
dist/assets/vertexColorMixing-BnwbmlnN.js                             0.53 kB │ gzip:     0.28 kB
dist/assets/rgbdEncode.fragment-C002Ft7V.js                           0.54 kB │ gzip:     0.34 kB
dist/assets/rgbdDecode.fragment-Crtf2XH_.js                           0.55 kB │ gzip:     0.35 kB
dist/assets/flowGraphSceneReadyEventBlock-uT_KgqIy.js                 0.58 kB │ gzip:     0.36 kB
dist/assets/postprocess.vertex-CPt0tVYu.js                            0.58 kB │ gzip:     0.36 kB
dist/assets/flowGraphPauseAnimationBlock-Bwe5RXkN.js                  0.58 kB │ gzip:     0.36 kB
dist/assets/flowGraphConstantBlock-CGoy8mvm.js                        0.63 kB │ gzip:     0.38 kB
dist/assets/envTextureLoader-Dw3bl0fp.js                              0.65 kB │ gzip:     0.41 kB
dist/assets/flowGraphGLTFDataProvider-JhBJAz4C.js                     0.66 kB │ gzip:     0.41 kB
dist/assets/flowGraphBranchBlock-BHzyQFNh.js                          0.67 kB │ gzip:     0.38 kB
dist/assets/flowGraphCodeExecutionBlock-JWhzjGKg.js                   0.67 kB │ gzip:     0.39 kB
dist/assets/flowGraphGetVariableBlock-CHPVQP-5.js                     0.68 kB │ gzip:     0.39 kB
dist/assets/outline.fragment-3a_WTOTn.js                              0.68 kB │ gzip:     0.41 kB
dist/assets/flowGraphContextBlock-ZLYOUXXQ.js                         0.68 kB │ gzip:     0.38 kB
dist/assets/flowGraphCachedOperationBlock-Bc7BK35L.js                 0.71 kB │ gzip:     0.35 kB
dist/assets/color.fragment-DRvBG6ZZ.js                                0.71 kB │ gzip:     0.36 kB
dist/assets/mainUVVaryingDeclaration-CEcdBX5F.js                      0.71 kB │ gzip:     0.36 kB
dist/assets/flowGraphCancelDelayBlock-BofvG5o4.js                     0.72 kB │ gzip:     0.46 kB
dist/assets/flowGraphIndexOfBlock-BLdAB2ld.js                         0.75 kB │ gzip:     0.42 kB
dist/assets/flowGraphSendCustomEventBlock-1J2_jAmq.js                 0.75 kB │ gzip:     0.44 kB
dist/assets/flowGraphConditionalDataBlock-CGJ5uZb9.js                 0.76 kB │ gzip:     0.40 kB
dist/assets/flowGraphSceneTickEventBlock-Oq5FG6ol.js                  0.76 kB │ gzip:     0.42 kB
dist/assets/flowGraphCounterBlock-DLr-6uAU.js                         0.77 kB │ gzip:     0.43 kB
dist/assets/flowGraphGetAssetBlock-CJs6HC1g.js                        0.78 kB │ gzip:     0.44 kB
dist/assets/flowGraphArrayIndexBlock-Cxtah_A8.js                      0.78 kB │ gzip:     0.44 kB
dist/assets/passCube.fragment-Bd37ycOx.js                             0.82 kB │ gzip:     0.35 kB
dist/assets/flowGraphFlipFlopBlock-D4WBILLb.js                        0.84 kB │ gzip:     0.47 kB
dist/assets/flowGraphFunctionReferenceBlock-BbEnQ1zK.js               0.84 kB │ gzip:     0.45 kB
dist/assets/color.fragment-JVX2L_SO.js                                0.89 kB │ gzip:     0.42 kB
dist/assets/outline.fragment-BhSiyFq-.js                              0.89 kB │ gzip:     0.47 kB
dist/assets/flowGraphDebounceBlock-dhXnM2OF.js                        0.90 kB │ gzip:     0.46 kB
dist/assets/flowGraphDoNBlock-BFemrhsg.js                             0.91 kB │ gzip:     0.48 kB
dist/assets/flowGraphSequenceBlock-Dn_1fFLx.js                        0.91 kB │ gzip:     0.46 kB
dist/assets/mesh.vertexData.functions-BYooUupK.js                     0.92 kB │ gzip:     0.49 kB
dist/assets/flowGraphPointerOutEventBlock-PKXyjrOZ.js                 1.00 kB │ gzip:     0.53 kB
dist/assets/flowGraphPointerOverEventBlock-PY94fSr0.js                1.01 kB │ gzip:     0.54 kB
dist/assets/flowGraphWhileLoopBlock-BeHO29IE.js                       1.02 kB │ gzip:     0.52 kB
dist/assets/flowGraphDataSwitchBlock-CEYl1pxg.js                      1.04 kB │ gzip:     0.55 kB
dist/assets/flowGraphGetPropertyBlock-DJH7I89n.js                     1.05 kB │ gzip:     0.52 kB
dist/assets/defaultUboDeclaration-DpQsMPE_.js                         1.08 kB │ gzip:     0.47 kB
dist/assets/flowGraphTransformCoordinatesSystemBlock-DplegDPq.js      1.09 kB │ gzip:     0.51 kB
dist/assets/flowGraphSetPropertyBlock-BcduByj8.js                     1.10 kB │ gzip:     0.55 kB
dist/assets/flowGraphBezierCurveEasingBlock-BGZYgNz0.js               1.10 kB │ gzip:     0.53 kB
dist/assets/passCube.fragment-CiLpYUwX.js                             1.13 kB │ gzip:     0.40 kB
dist/assets/fogFragment-BtLvQSGE.js                                   1.15 kB │ gzip:     0.50 kB
dist/assets/flowGraphForLoopBlock-CNG9-5eg.js                         1.16 kB │ gzip:     0.56 kB
dist/assets/color.vertex-CoVtE3CI.js                                  1.18 kB │ gzip:     0.51 kB
dist/assets/clipPlaneFragment-_B3VTfDV.js                             1.21 kB │ gzip:     0.34 kB
dist/assets/color.vertex-BYq1C6Pq.js                                  1.25 kB │ gzip:     0.57 kB
dist/assets/flowGraphConsoleLogBlock-ZaFSuu8a.js                      1.26 kB │ gzip:     0.65 kB
dist/assets/flowGraphSwitchBlock-Dcn4mnto.js                          1.26 kB │ gzip:     0.59 kB
dist/assets/clipPlaneVertex-r9mqDTt7.js                               1.29 kB │ gzip:     0.34 kB
dist/assets/workerPool-CfMXSLnf.js                                    1.30 kB │ gzip:     0.53 kB
dist/assets/ddsTextureLoader-CVViTLHI.js                              1.31 kB │ gzip:     0.64 kB
dist/assets/flowGraphReceiveCustomEventBlock-BXoPjXW1.js              1.38 kB │ gzip:     0.67 kB
dist/assets/outline.vertex-BUF5swvh.js                                1.42 kB │ gzip:     0.57 kB
dist/assets/flowGraphTypeToTypeBlocks-Bp2kBftr.js                     1.43 kB │ gzip:     0.54 kB
dist/assets/defaultUboDeclaration-Bd1OCY1r.js                         1.47 kB │ gzip:     0.48 kB
dist/assets/flowGraphThrottleBlock-BmUn1H3w.js                        1.50 kB │ gzip:     0.59 kB
dist/assets/flowGraphSetVariableBlock-DOp0HgR8.js                     1.54 kB │ gzip:     0.72 kB
dist/assets/flowGraphWaitAllBlock-Cbr_LT0Y.js                         1.65 kB │ gzip:     0.71 kB
dist/assets/flowGraphMeshPickEventBlock-5d0M8gRB.js                   1.67 kB │ gzip:     0.71 kB
dist/assets/flowGraphEasingBlock-BB2yU-ES.js                          1.79 kB │ gzip:     0.83 kB
dist/assets/flowGraphMultiGateBlock-BnmwToOQ.js                       1.81 kB │ gzip:     0.81 kB
dist/assets/outline.vertex-CJ4zgDyH.js                                1.85 kB │ gzip:     0.71 kB
dist/assets/easing-C8Ng-DCT.js                                        1.92 kB │ gzip:     0.81 kB
dist/assets/flowGraphStopAnimationBlock-Dbz71rZ3.js                   2.02 kB │ gzip:     0.76 kB
dist/assets/abstractEngine.cubeTexture-BSvwp9lw.js                    2.21 kB │ gzip:     1.11 kB
dist/assets/particles.fragment-DAsh_cMr.js                            2.22 kB │ gzip:     0.84 kB
dist/assets/flowGraphInterpolationBlock-D0IGcf3n.js                   2.36 kB │ gzip:     0.98 kB
dist/assets/hdrTextureLoader-Bl1gkcYj.js                              2.43 kB │ gzip:     1.16 kB
dist/assets/dumpTools-zL38fsuA.js                                     2.57 kB │ gzip:     1.26 kB
dist/assets/iesTextureLoader-CGyKq9GN.js                              2.69 kB │ gzip:     1.15 kB
dist/assets/flowGraphVectorMathBlocks-DnX3vEWA.js                     3.04 kB │ gzip:     1.06 kB
dist/assets/flowGraphJsonPointerParserBlock-D5cQX5fd.js               3.06 kB │ gzip:     1.29 kB
dist/assets/index-kIlDNRRw.js                                         3.20 kB │ gzip:     1.45 kB
dist/assets/harmonicsFunctions-CHWc4cgb.js                            3.42 kB │ gzip:     0.95 kB
dist/assets/tgaTextureLoader-CChkUzTR.js                              3.53 kB │ gzip:     1.37 kB
dist/assets/flowGraphMatrixMathBlocks-BSGgqFaQ.js                     3.84 kB │ gzip:     1.08 kB
dist/assets/flowGraphPlayAnimationBlock-DtEzBwM8.js                   3.86 kB │ gzip:     1.31 kB
dist/assets/flowGraphSetDelayBlock-bWJJY-lr.js                        3.86 kB │ gzip:     1.46 kB
dist/assets/VfxTimeline-ILrjIuge.js                                   3.88 kB │ gzip:     2.05 kB
dist/assets/morphTargetsVertex-ClE5uMMb.js                            4.53 kB │ gzip:     0.95 kB
dist/assets/imageProcessingFunctions-CIoF2A16.js                      4.70 kB │ gzip:     1.66 kB
dist/assets/helperFunctions-BxLQT9Bn.js                               5.31 kB │ gzip:     1.76 kB
dist/assets/particles.vertex-ejmrMuoD.js                              5.39 kB │ gzip:     1.37 kB
dist/assets/desktopBackup-D7LhLVej.js                                 6.00 kB │ gzip:     2.66 kB
dist/assets/environmentTextureTools-CjyfB8G-.js                       6.47 kB │ gzip:     2.77 kB
dist/assets/default.vertex-CUfobfyF.js                                6.86 kB │ gzip:     1.80 kB
dist/assets/dds-DPZzLU5w.js                                           7.05 kB │ gzip:     2.46 kB
dist/assets/default.vertex-C3VpCqxI.js                                7.60 kB │ gzip:     1.98 kB
dist/assets/shadowsVertex-Bl0AAXH2.js                                 8.02 kB │ gzip:     1.70 kB
dist/assets/basisTextureLoader-BKJRcNBc.js                            8.16 kB │ gzip:     3.22 kB
dist/assets/flowGraphMathCombineExtractBlocks-DpZyR7Ju.js             8.29 kB │ gzip:     1.23 kB
dist/assets/bakedVertexAnimation-BHj8ebic.js                          9.28 kB │ gzip:     1.55 kB
dist/assets/pbr.vertex-Bw_fw0B4.js                                   11.76 kB │ gzip:     2.45 kB
dist/assets/ktxTextureLoader-GRuV1dc4.js                             14.26 kB │ gzip:     4.17 kB
dist/assets/exrTextureLoader-DFznYksS.js                             14.78 kB │ gzip:     5.57 kB
dist/assets/flowGraphMathBlocks-BRCA4rOn.js                          17.88 kB │ gzip:     3.73 kB
dist/assets/default.fragment-Da_IbJKR.js                             20.39 kB │ gzip:     4.77 kB
dist/assets/default.fragment-DjJ7pq6T.js                             22.09 kB │ gzip:     4.83 kB
dist/assets/ExportCenterPage-CVLSxXvV.js                             24.34 kB │ gzip:     9.64 kB
dist/assets/animationGroup-FXgE2wMr.js                               34.26 kB │ gzip:     8.79 kB
dist/assets/HeroPage-BJ1hr7nU.js                                     46.01 kB │ gzip:    18.29 kB
dist/assets/oitFragment-DQPjFTso.js                                  68.34 kB │ gzip:    11.60 kB
dist/assets/Preview3D-B168iaJ6.js                                    78.83 kB │ gzip:    23.47 kB
dist/assets/VfxForgePage-QzsMlcIm.js                                103.32 kB │ gzip:    40.49 kB
dist/assets/pbr.fragment-DIJrnXLw.js                                126.52 kB │ gzip:    23.71 kB
dist/assets/ExtrasAsMetadata-Du4TPuc5.js                            445.09 kB │ gzip:    99.27 kB
dist/assets/index-CJrZyUHn.js                                     5,591.33 kB │ gzip: 1,856.54 kB

(!) Some chunks are larger than 500 kB after minification. Consider:
- Using dynamic import() to code-split the application
- Use build.rollupOptions.output.manualChunks to improve chunking: https://rollupjs.org/configuration-options/#output-manualchunks
- Adjust chunk size limit for this warning via build.chunkSizeWarningLimit.
✓ built in 14.21s
